Component: ARM Compiler 5.06 update 6 (build 750) Tool: armlink [4d35ed]

==============================================================================

Section Cross References

    startup_py32f002xx.o(RESET) refers to startup_py32f002xx.o(STACK) for __initial_sp
    startup_py32f002xx.o(RESET) refers to startup_py32f002xx.o(.text) for Reset_Handler
    startup_py32f002xx.o(RESET) refers to py32f002b_it.o(i.NMI_Handler) for NMI_Handler
    startup_py32f002xx.o(RESET) refers to py32f002b_it.o(i.HardFault_Handler) for HardFault_Handler
    startup_py32f002xx.o(RESET) refers to py32f002b_it.o(i.SVC_Handler) for SVC_Handler
    startup_py32f002xx.o(RESET) refers to py32f002b_it.o(i.PendSV_Handler) for PendSV_Handler
    startup_py32f002xx.o(RESET) refers to py32f002b_it.o(i.SysTick_Handler) for SysTick_Handler
    startup_py32f002xx.o(.text) refers to system_py32f002b.o(i.SystemInit) for SystemInit
    startup_py32f002xx.o(.text) refers to entry.o(.ARM.Collect$$$$00000000) for __main
    py32f002b_hal.o(i.HAL_DeInit) refers to py32f002b_hal.o(i.HAL_MspDeInit) for HAL_MspDeInit
    py32f002b_hal.o(i.HAL_Delay) refers to py32f002b_hal.o(i.HAL_GetTick) for HAL_GetTick
    py32f002b_hal.o(i.HAL_Delay) refers to py32f002b_hal.o(.data) for uwTickFreq
    py32f002b_hal.o(i.HAL_GetTick) refers to py32f002b_hal.o(.data) for uwTick
    py32f002b_hal.o(i.HAL_GetTickFreq) refers to py32f002b_hal.o(.data) for uwTickFreq
    py32f002b_hal.o(i.HAL_GetTickPrio) refers to py32f002b_hal.o(.data) for uwTickPrio
    py32f002b_hal.o(i.HAL_IncTick) refers to py32f002b_hal.o(.data) for uwTick
    py32f002b_hal.o(i.HAL_Init) refers to py32f002b_hal.o(i.HAL_InitTick) for HAL_InitTick
    py32f002b_hal.o(i.HAL_Init) refers to py32f002b_hal_msp.o(i.HAL_MspInit) for HAL_MspInit
    py32f002b_hal.o(i.HAL_InitTick) refers to uidiv.o(.text) for __aeabi_uidivmod
    py32f002b_hal.o(i.HAL_InitTick) refers to py32f002b_hal_cortex.o(i.HAL_SYSTICK_Config) for HAL_SYSTICK_Config
    py32f002b_hal.o(i.HAL_InitTick) refers to py32f002b_hal_cortex.o(i.HAL_NVIC_SetPriority) for HAL_NVIC_SetPriority
    py32f002b_hal.o(i.HAL_InitTick) refers to py32f002b_hal.o(.data) for uwTickFreq
    py32f002b_hal.o(i.HAL_InitTick) refers to system_py32f002b.o(.data) for SystemCoreClock
    py32f002b_hal.o(i.HAL_SetTickFreq) refers to py32f002b_hal.o(i.HAL_InitTick) for HAL_InitTick
    py32f002b_hal.o(i.HAL_SetTickFreq) refers to py32f002b_hal.o(.data) for uwTickFreq
    py32f002b_hal_adc.o(i.ADC_ConversionStop) refers to py32f002b_hal.o(i.HAL_GetTick) for HAL_GetTick
    py32f002b_hal_adc.o(i.ADC_Disable) refers to py32f002b_hal.o(i.HAL_GetTick) for HAL_GetTick
    py32f002b_hal_adc.o(i.ADC_Enable) refers to uidiv.o(.text) for __aeabi_uidivmod
    py32f002b_hal_adc.o(i.ADC_Enable) refers to system_py32f002b.o(.data) for SystemCoreClock
    py32f002b_hal_adc.o(i.HAL_ADC_Calibration_SetAndStart) refers to py32f002b_hal.o(i.HAL_GetTick) for HAL_GetTick
    py32f002b_hal_adc.o(i.HAL_ADC_Calibration_Start) refers to py32f002b_hal.o(i.HAL_GetTick) for HAL_GetTick
    py32f002b_hal_adc.o(i.HAL_ADC_ConfigChannel) refers to uidiv.o(.text) for __aeabi_uidivmod
    py32f002b_hal_adc.o(i.HAL_ADC_ConfigChannel) refers to system_py32f002b.o(.data) for SystemCoreClock
    py32f002b_hal_adc.o(i.HAL_ADC_DeInit) refers to py32f002b_hal_adc.o(i.ADC_ConversionStop) for ADC_ConversionStop
    py32f002b_hal_adc.o(i.HAL_ADC_DeInit) refers to py32f002b_hal_adc.o(i.ADC_Disable) for ADC_Disable
    py32f002b_hal_adc.o(i.HAL_ADC_DeInit) refers to py32f002b_hal_adc.o(i.HAL_ADC_MspDeInit) for HAL_ADC_MspDeInit
    py32f002b_hal_adc.o(i.HAL_ADC_IRQHandler) refers to py32f002b_hal_adc.o(i.HAL_ADC_ConvCpltCallback) for HAL_ADC_ConvCpltCallback
    py32f002b_hal_adc.o(i.HAL_ADC_IRQHandler) refers to py32f002b_hal_adc.o(i.HAL_ADC_LevelOutOfWindowCallback) for HAL_ADC_LevelOutOfWindowCallback
    py32f002b_hal_adc.o(i.HAL_ADC_IRQHandler) refers to py32f002b_hal_adc.o(i.HAL_ADC_ErrorCallback) for HAL_ADC_ErrorCallback
    py32f002b_hal_adc.o(i.HAL_ADC_Init) refers to py32f002b_hal_adc.o(i.HAL_ADC_MspInit) for HAL_ADC_MspInit
    py32f002b_hal_adc.o(i.HAL_ADC_PollForConversion) refers to py32f002b_hal.o(i.HAL_GetTick) for HAL_GetTick
    py32f002b_hal_adc.o(i.HAL_ADC_PollForEvent) refers to py32f002b_hal.o(i.HAL_GetTick) for HAL_GetTick
    py32f002b_hal_adc.o(i.HAL_ADC_Start) refers to py32f002b_hal_adc.o(i.ADC_Enable) for ADC_Enable
    py32f002b_hal_adc.o(i.HAL_ADC_Start_IT) refers to py32f002b_hal_adc.o(i.ADC_Enable) for ADC_Enable
    py32f002b_hal_adc.o(i.HAL_ADC_Stop) refers to py32f002b_hal_adc.o(i.ADC_ConversionStop) for ADC_ConversionStop
    py32f002b_hal_adc.o(i.HAL_ADC_Stop) refers to py32f002b_hal_adc.o(i.ADC_Disable) for ADC_Disable
    py32f002b_hal_adc.o(i.HAL_ADC_Stop_IT) refers to py32f002b_hal_adc.o(i.ADC_ConversionStop) for ADC_ConversionStop
    py32f002b_hal_adc.o(i.HAL_ADC_Stop_IT) refers to py32f002b_hal_adc.o(i.ADC_Disable) for ADC_Disable
[...]
    py32f002b_hal_tim.o(i.HAL_TIM_UnRegisterCallback) refers to py32f002b_hal_tim.o(i.HAL_TIM_PeriodElapsedCallback) for HAL_TIM_PeriodElapsedCallback
    py32f002b_hal_tim.o(i.HAL_TIM_UnRegisterCallback) refers to py32f002b_hal_tim.o(i.HAL_TIM_PeriodElapsedHalfCpltCallback) for HAL_TIM_PeriodElapsedHalfCpltCallback
    py32f002b_hal_tim.o(i.HAL_TIM_UnRegisterCallback) refers to py32f002b_hal_tim.o(i.HAL_TIM_TriggerCallback) for HAL_TIM_TriggerCallback
    py32f002b_hal_tim.o(i.HAL_TIM_UnRegisterCallback) refers to py32f002b_hal_tim.o(i.HAL_TIM_TriggerHalfCpltCallback) for HAL_TIM_TriggerHalfCpltCallback
    py32f002b_hal_tim.o(i.HAL_TIM_UnRegisterCallback) refers to py32f002b_hal_tim.o(i.HAL_TIM_IC_CaptureCallback) for HAL_TIM_IC_CaptureCallback
    py32f002b_hal_tim.o(i.HAL_TIM_UnRegisterCallback) refers to py32f002b_hal_tim.o(i.HAL_TIM_IC_CaptureHalfCpltCallback) for HAL_TIM_IC_CaptureHalfCpltCallback
    py32f002b_hal_tim.o(i.HAL_TIM_UnRegisterCallback) refers to py32f002b_hal_tim.o(i.HAL_TIM_OC_DelayElapsedCallback) for HAL_TIM_OC_DelayElapsedCallback
    py32f002b_hal_tim.o(i.HAL_TIM_UnRegisterCallback) refers to py32f002b_hal_tim.o(i.HAL_TIM_PWM_PulseFinishedCallback) for HAL_TIM_PWM_PulseFinishedCallback
    py32f002b_hal_tim.o(i.HAL_TIM_UnRegisterCallback) refers to py32f002b_hal_tim.o(i.HAL_TIM_PWM_PulseFinishedHalfCpltCallback) for HAL_TIM_PWM_PulseFinishedHalfCpltCallback
    py32f002b_hal_tim.o(i.HAL_TIM_UnRegisterCallback) refers to py32f002b_hal_tim.o(i.HAL_TIM_ErrorCallback) for HAL_TIM_ErrorCallback
    py32f002b_hal_tim.o(i.HAL_TIM_UnRegisterCallback) refers to py32f002b_hal_tim_ex.o(i.HAL_TIMEx_CommutCallback) for HAL_TIMEx_CommutCallback
    py32f002b_hal_tim.o(i.HAL_TIM_UnRegisterCallback) refers to py32f002b_hal_tim_ex.o(i.HAL_TIMEx_CommutHalfCpltCallback) for HAL_TIMEx_CommutHalfCpltCallback
    py32f002b_hal_tim.o(i.HAL_TIM_UnRegisterCallback) refers to py32f002b_hal_tim_ex.o(i.HAL_TIMEx_BreakCallback) for HAL_TIMEx_BreakCallback
    py32f002b_hal_tim.o(i.TIM_ResetCallback) refers to py32f002b_hal_tim.o(i.HAL_TIM_PeriodElapsedCallback) for HAL_TIM_PeriodElapsedCallback
    py32f002b_hal_tim.o(i.TIM_ResetCallback) refers to py32f002b_hal_tim.o(i.HAL_TIM_PeriodElapsedHalfCpltCallback) for HAL_TIM_PeriodElapsedHalfCpltCallback
    py32f002b_hal_tim.o(i.TIM_ResetCallback) refers to py32f002b_hal_tim.o(i.HAL_TIM_TriggerCallback) for HAL_TIM_TriggerCallback
    py32f002b_hal_tim.o(i.TIM_ResetCallback) refers to py32f002b_hal_tim.o(i.HAL_TIM_TriggerHalfCpltCallback) for HAL_TIM_TriggerHalfCpltCallback
    py32f002b_hal_tim.o(i.TIM_ResetCallback) refers to py32f002b_hal_tim.o(i.HAL_TIM_IC_CaptureCallback) for HAL_TIM_IC_CaptureCallback
    py32f002b_hal_tim.o(i.TIM_ResetCallback) refers to py32f002b_hal_tim.o(i.HAL_TIM_IC_CaptureHalfCpltCallback) for HAL_TIM_IC_CaptureHalfCpltCallback
    py32f002b_hal_tim.o(i.TIM_ResetCallback) refers to py32f002b_hal_tim.o(i.HAL_TIM_OC_DelayElapsedCallback) for HAL_TIM_OC_DelayElapsedCallback
    py32f002b_hal_tim.o(i.TIM_ResetCallback) refers to py32f002b_hal_tim.o(i.HAL_TIM_PWM_PulseFinishedCallback) for HAL_TIM_PWM_PulseFinishedCallback
    py32f002b_hal_tim.o(i.TIM_ResetCallback) refers to py32f002b_hal_tim.o(i.HAL_TIM_PWM_PulseFinishedHalfCpltCallback) for HAL_TIM_PWM_PulseFinishedHalfCpltCallback
    py32f002b_hal_tim.o(i.TIM_ResetCallback) refers to py32f002b_hal_tim.o(i.HAL_TIM_ErrorCallback) for HAL_TIM_ErrorCallback
    py32f002b_hal_tim.o(i.TIM_ResetCallback) refers to py32f002b_hal_tim_ex.o(i.HAL_TIMEx_CommutCallback) for HAL_TIMEx_CommutCallback
    py32f002b_hal_tim.o(i.TIM_ResetCallback) refers to py32f002b_hal_tim_ex.o(i.HAL_TIMEx_CommutHalfCpltCallback) for HAL_TIMEx_CommutHalfCpltCallback
    py32f002b_hal_tim.o(i.TIM_ResetCallback) refers to py32f002b_hal_tim_ex.o(i.HAL_TIMEx_BreakCallback) for HAL_TIMEx_BreakCallback
    py32f002b_hal_tim.o(i.TIM_SlaveTimer_SetConfig) refers to py32f002b_hal_tim.o(i.__ARM_common_switch8) for __ARM_common_switch8
    py32f002b_hal_tim.o(i.TIM_SlaveTimer_SetConfig) refers to py32f002b_hal_tim.o(i.TIM_ETR_SetConfig) for TIM_ETR_SetConfig
    py32f002b_hal_tim.o(i.TIM_SlaveTimer_SetConfig) refers to py32f002b_hal_tim.o(i.TIM_TI1_ConfigInputStage) for TIM_TI1_ConfigInputStage
    py32f002b_hal_tim.o(i.TIM_SlaveTimer_SetConfig) refers to py32f002b_hal_tim.o(i.TIM_TI2_ConfigInputStage) for TIM_TI2_ConfigInputStage
    py32f002b_hal_tim_ex.o(i.HAL_TIMEx_HallSensor_DeInit) refers to py32f002b_hal_tim_ex.o(i.HAL_TIMEx_HallSensor_MspDeInit) for HAL_TIMEx_HallSensor_MspDeInit
    py32f002b_hal_tim_ex.o(i.HAL_TIMEx_HallSensor_Init) refers to py32f002b_hal_tim.o(i.TIM_ResetCallback) for TIM_ResetCallback
    py32f002b_hal_tim_ex.o(i.HAL_TIMEx_HallSensor_Init) refers to py32f002b_hal_tim.o(i.TIM_Base_SetConfig) for TIM_Base_SetConfig
    py32f002b_hal_tim_ex.o(i.HAL_TIMEx_HallSensor_Init) refers to py32f002b_hal_tim.o(i.TIM_TI1_SetConfig) for TIM_TI1_SetConfig
    py32f002b_hal_tim_ex.o(i.HAL_TIMEx_HallSensor_Init) refers to py32f002b_hal_tim.o(i.TIM_OC2_SetConfig) for TIM_OC2_SetConfig
    py32f002b_hal_tim_ex.o(i.HAL_TIMEx_HallSensor_Init) refers to py32f002b_hal_tim_ex.o(i.HAL_TIMEx_HallSensor_MspInit) for HAL_TIMEx_HallSensor_MspInit
    py32f002b_hal_tim_ex.o(i.HAL_TIMEx_HallSensor_Start) refers to py32f002b_hal_tim.o(i.TIM_CCxChannelCmd) for TIM_CCxChannelCmd
    py32f002b_hal_tim_ex.o(i.HAL_TIMEx_HallSensor_Start_IT) refers to py32f002b_hal_tim.o(i.TIM_CCxChannelCmd) for TIM_CCxChannelCmd
    py32f002b_hal_tim_ex.o(i.HAL_TIMEx_HallSensor_Stop) refers to py32f002b_hal_tim.o(i.TIM_CCxChannelCmd) for TIM_CCxChannelCmd
    py32f002b_hal_tim_ex.o(i.HAL_TIMEx_HallSensor_Stop_IT) refers to py32f002b_hal_tim.o(i.TIM_CCxChannelCmd) for TIM_CCxChannelCmd
    py32f002b_hal_tim_ex.o(i.HAL_TIMEx_OCN_Start) refers to py32f002b_hal_tim_ex.o(i.TIM_CCxNChannelCmd) for TIM_CCxNChannelCmd
    py32f002b_hal_tim_ex.o(i.HAL_TIMEx_OCN_Start_IT) refers to py32f002b_hal_tim_ex.o(i.TIM_CCxNChannelCmd) for TIM_CCxNChannelCmd
    py32f002b_hal_tim_ex.o(i.HAL_TIMEx_OCN_Stop) refers to py32f002b_hal_tim_ex.o(i.TIM_CCxNChannelCmd) for TIM_CCxNChannelCmd
    py32f002b_hal_tim_ex.o(i.HAL_TIMEx_OCN_Stop_IT) refers to py32f002b_hal_tim_ex.o(i.TIM_CCxNChannelCmd) for TIM_CCxNChannelCmd
    py32f002b_hal_tim_ex.o(i.HAL_TIMEx_OnePulseN_Start) refers to py32f002b_hal_tim_ex.o(i.TIM_CCxNChannelCmd) for TIM_CCxNChannelCmd
    py32f002b_hal_tim_ex.o(i.HAL_TIMEx_OnePulseN_Start_IT) refers to py32f002b_hal_tim_ex.o(i.TIM_CCxNChannelCmd) for TIM_CCxNChannelCmd
    py32f002b_hal_tim_ex.o(i.HAL_TIMEx_OnePulseN_Stop) refers to py32f002b_hal_tim_ex.o(i.TIM_CCxNChannelCmd) for TIM_CCxNChannelCmd
    py32f002b_hal_tim_ex.o(i.HAL_TIMEx_OnePulseN_Stop_IT) refers to py32f002b_hal_tim_ex.o(i.TIM_CCxNChannelCmd) for TIM_CCxNChannelCmd
    py32f002b_hal_tim_ex.o(i.HAL_TIMEx_PWMN_Start) refers to py32f002b_hal_tim_ex.o(i.TIM_CCxNChannelCmd) for TIM_CCxNChannelCmd
    py32f002b_hal_tim_ex.o(i.HAL_TIMEx_PWMN_Start_IT) refers to py32f002b_hal_tim_ex.o(i.TIM_CCxNChannelCmd) for TIM_CCxNChannelCmd
    py32f002b_hal_tim_ex.o(i.HAL_TIMEx_PWMN_Stop) refers to py32f002b_hal_tim_ex.o(i.TIM_CCxNChannelCmd) for TIM_CCxNChannelCmd
    py32f002b_hal_tim_ex.o(i.HAL_TIMEx_PWMN_Stop_IT) refers to py32f002b_hal_tim_ex.o(i.TIM_CCxNChannelCmd) for TIM_CCxNChannelCmd
    py32f002b_hal_uart.o(i.HAL_HalfDuplex_Init) refers to py32f002b_hal_uart.o(i.HAL_UART_MspInit) for HAL_UART_MspInit
    py32f002b_hal_uart.o(i.HAL_HalfDuplex_Init) refers to py32f002b_hal_uart.o(i.UART_SetConfig) for UART_SetConfig
    py32f002b_hal_uart.o(i.HAL_MultiProcessor_Init) refers to py32f002b_hal_uart.o(i.HAL_UART_MspInit) for HAL_UART_MspInit
    py32f002b_hal_uart.o(i.HAL_MultiProcessor_Init) refers to py32f002b_hal_uart.o(i.UART_SetConfig) for UART_SetConfig
    py32f002b_hal_uart.o(i.HAL_UART_AbortReceive_IT) refers to py32f002b_hal_uart.o(i.HAL_UART_AbortReceiveCpltCallback) for HAL_UART_AbortReceiveCpltCallback
    py32f002b_hal_uart.o(i.HAL_UART_AbortTransmit_IT) refers to py32f002b_hal_uart.o(i.HAL_UART_AbortTransmitCpltCallback) for HAL_UART_AbortTransmitCpltCallback
    py32f002b_hal_uart.o(i.HAL_UART_Abort_IT) refers to py32f002b_hal_uart.o(i.HAL_UART_AbortCpltCallback) for HAL_UART_AbortCpltCallback
    py32f002b_hal_uart.o(i.HAL_UART_DeInit) refers to py32f002b_hal_uart.o(i.HAL_UART_MspDeInit) for HAL_UART_MspDeInit
    py32f002b_hal_uart.o(i.HAL_UART_IRQHandler) refers to py32f002b_hal_uart.o(i.UART_Receive_IT) for UART_Receive_IT
    py32f002b_hal_uart.o(i.HAL_UART_IRQHandler) refers to py32f002b_hal_uart.o(i.UART_EndRxTransfer) for UART_EndRxTransfer
    py32f002b_hal_uart.o(i.HAL_UART_IRQHandler) refers to py32f002b_hal_uart.o(i.HAL_UART_ErrorCallback) for HAL_UART_ErrorCallback
    py32f002b_hal_uart.o(i.HAL_UART_IRQHandler) refers to py32f002b_hal_uart.o(i.HAL_UART_IdleFrameDetectCpltCallback) for HAL_UART_IdleFrameDetectCpltCallback
    py32f002b_hal_uart.o(i.HAL_UART_IRQHandler) refers to py32f002b_hal_uart.o(i.UART_Transmit_IT) for UART_Transmit_IT
    py32f002b_hal_uart.o(i.HAL_UART_IRQHandler) refers to py32f002b_hal_uart.o(i.UART_EndTransmit_IT) for UART_EndTransmit_IT
    py32f002b_hal_uart.o(i.HAL_UART_Init) refers to py32f002b_hal_uart.o(i.HAL_UART_MspInit) for HAL_UART_MspInit
    py32f002b_hal_uart.o(i.HAL_UART_Init) refers to py32f002b_hal_uart.o(i.UART_SetConfig) for UART_SetConfig
    py32f002b_hal_uart.o(i.HAL_UART_Init) refers to py32f002b_hal_uart.o(i.UART_AdvFeatureConfig) for UART_AdvFeatureConfig
    py32f002b_hal_uart.o(i.HAL_UART_Receive) refers to py32f002b_hal.o(i.HAL_GetTick) for HAL_GetTick
    py32f002b_hal_uart.o(i.HAL_UART_Receive) refers to py32f002b_hal_uart.o(i.UART_WaitOnFlagUntilTimeout) for UART_WaitOnFlagUntilTimeout
    py32f002b_hal_uart.o(i.HAL_UART_Transmit) refers to py32f002b_hal.o(i.HAL_GetTick) for HAL_GetTick
    py32f002b_hal_uart.o(i.HAL_UART_Transmit) refers to py32f002b_hal_uart.o(i.UART_WaitOnFlagUntilTimeout) for UART_WaitOnFlagUntilTimeout
    py32f002b_hal_uart.o(i.UART_EndTransmit_IT) refers to py32f002b_hal_uart.o(i.HAL_UART_TxCpltCallback) for HAL_UART_TxCpltCallback
    py32f002b_hal_uart.o(i.UART_Receive_IT) refers to py32f002b_hal_uart.o(i.HAL_UART_RxCpltCallback) for HAL_UART_RxCpltCallback
    py32f002b_hal_uart.o(i.UART_SetConfig) refers to py32f002b_hal_rcc.o(i.HAL_RCC_GetPCLK1Freq) for HAL_RCC_GetPCLK1Freq
    py32f002b_hal_uart.o(i.UART_SetConfig) refers to uidiv.o(.text) for __aeabi_uidivmod
    py32f002b_hal_uart.o(i.UART_WaitOnFlagUntilTimeout) refers to py32f002b_hal.o(i.HAL_GetTick) for HAL_GetTick
    py32f002b_hal_usart.o(i.HAL_USART_Abort_IT) refers to py32f002b_hal_usart.o(i.HAL_USART_AbortCpltCallback) for HAL_USART_AbortCpltCallback
    py32f002b_hal_usart.o(i.HAL_USART_DeInit) refers to py32f002b_hal_usart.o(i.HAL_USART_MspDeInit) for HAL_USART_MspDeInit
    py32f002b_hal_usart.o(i.HAL_USART_IRQHandler) refers to py32f002b_hal_usart.o(i.USART_Receive_IT) for USART_Receive_IT
    py32f002b_hal_usart.o(i.HAL_USART_IRQHandler) refers to py32f002b_hal_usart.o(i.USART_TransmitReceive_IT) for USART_TransmitReceive_IT
    py32f002b_hal_usart.o(i.HAL_USART_IRQHandler) refers to py32f002b_hal_usart.o(i.USART_EndRxTransfer) for USART_EndRxTransfer
    py32f002b_hal_usart.o(i.HAL_USART_IRQHandler) refers to py32f002b_hal_usart.o(i.HAL_USART_ErrorCallback) for HAL_USART_ErrorCallback
    py32f002b_hal_usart.o(i.HAL_USART_IRQHandler) refers to py32f002b_hal_usart.o(i.USART_Transmit_IT) for USART_Transmit_IT
    py32f002b_hal_usart.o(i.HAL_USART_IRQHandler) refers to py32f002b_hal_usart.o(i.USART_EndTransmit_IT) for USART_EndTransmit_IT
    py32f002b_hal_usart.o(i.HAL_USART_Init) refers to py32f002b_hal_usart.o(i.HAL_USART_MspInit) for HAL_USART_MspInit
    py32f002b_hal_usart.o(i.HAL_USART_Init) refers to py32f002b_hal_usart.o(i.USART_SetConfig) for USART_SetConfig
    py32f002b_hal_usart.o(i.HAL_USART_Receive) refers to py32f002b_hal.o(i.HAL_GetTick) for HAL_GetTick
    py32f002b_hal_usart.o(i.HAL_USART_Receive) refers to py32f002b_hal_usart.o(i.USART_WaitOnFlagUntilTimeout) for USART_WaitOnFlagUntilTimeout
    py32f002b_hal_usart.o(i.HAL_USART_Transmit) refers to py32f002b_hal.o(i.HAL_GetTick) for HAL_GetTick
    py32f002b_hal_usart.o(i.HAL_USART_Transmit) refers to py32f002b_hal_usart.o(i.USART_WaitOnFlagUntilTimeout) for USART_WaitOnFlagUntilTimeout
    py32f002b_hal_usart.o(i.HAL_USART_TransmitReceive) refers to py32f002b_hal.o(i.HAL_GetTick) for HAL_GetTick
    py32f002b_hal_usart.o(i.HAL_USART_TransmitReceive) refers to py32f002b_hal_usart.o(i.USART_WaitOnFlagUntilTimeout) for USART_WaitOnFlagUntilTimeout
    py32f002b_hal_usart.o(i.USART_EndTransmit_IT) refers to py32f002b_hal_usart.o(i.HAL_USART_TxCpltCallback) for HAL_USART_TxCpltCallback
    py32f002b_hal_usart.o(i.USART_Receive_IT) refers to py32f002b_hal_usart.o(i.HAL_USART_RxCpltCallback) for HAL_USART_RxCpltCallback
    py32f002b_hal_usart.o(i.USART_SetConfig) refers to py32f002b_hal_rcc.o(i.HAL_RCC_GetPCLK1Freq) for HAL_RCC_GetPCLK1Freq
    py32f002b_hal_usart.o(i.USART_SetConfig) refers to uidiv.o(.text) for __aeabi_uidivmod
    py32f002b_hal_usart.o(i.USART_TransmitReceive_IT) refers to py32f002b_hal_usart.o(i.HAL_USART_TxRxCpltCallback) for HAL_USART_TxRxCpltCallback
    py32f002b_hal_usart.o(i.USART_WaitOnFlagUntilTimeout) refers to py32f002b_hal.o(i.HAL_GetTick) for HAL_GetTick
    main.o(i.main) refers to py32f002b_hal.o(i.HAL_Init) for HAL_Init
    main.o(i.main) refers to bsp_gpio_led.o(i.Bsp_Led_Init) for Bsp_Led_Init
    main.o(i.main) refers to bsp_iic_oled.o(i.Bsp_IIC_Init) for Bsp_IIC_Init
    main.o(i.main) refers to bsp_iic_oled.o(i.OLED_Init) for OLED_Init
    main.o(i.main) refers to bsp_iic_oled.o(i.OLED_Fill) for OLED_Fill
    main.o(i.main) refers to py32f002b_hal.o(i.HAL_Delay) for HAL_Delay
    main.o(i.main) refers to bsp_iic_oled.o(i.OLED_ShowCN) for OLED_ShowCN
    main.o(i.main) refers to bsp_iic_oled.o(i.OLED_ShowStr) for OLED_ShowStr
    main.o(i.main) refers to bsp_iic_oled.o(i.OLED_CLS) for OLED_CLS
    main.o(i.main) refers to bsp_iic_oled.o(i.OLED_OFF) for OLED_OFF
    main.o(i.main) refers to bsp_iic_oled.o(i.OLED_ON) for OLED_ON
    py32f002b_it.o(i.SysTick_Handler) refers to py32f002b_hal.o(i.HAL_IncTick) for HAL_IncTick
    py32f002b_hal_msp.o(i.HAL_I2C_MspInit) refers to memseta.o(.text) for __aeabi_memclr4
    py32f002b_hal_msp.o(i.HAL_I2C_MspInit) refers to py32f002b_hal_gpio.o(i.HAL_GPIO_Init) for HAL_GPIO_Init
    system_py32f002b.o(i.SystemCoreClockUpdate) refers to uidiv.o(.text) for __aeabi_uidivmod
    system_py32f002b.o(i.SystemCoreClockUpdate) refers to system_py32f002b.o(.data) for SystemCoreClock
    system_py32f002b.o(i.SystemCoreClockUpdate) refers to system_py32f002b.o(.constdata) for HSIFreqTable
    system_py32f002b.o(i.SystemInit) refers to system_py32f002b.o(i.DelayTime) for DelayTime
    bsp_gpio_led.o(i.Bsp_Led_Init) refers to py32f002b_hal_gpio.o(i.HAL_GPIO_Init) for HAL_GPIO_Init
    bsp_gpio_led.o(i.Bsp_Led_Init) refers to py32f002b_hal_gpio.o(i.HAL_GPIO_WritePin) for HAL_GPIO_WritePin
    bsp_iic_oled.o(i.Bsp_IIC_Init) refers to py32f002b_hal_i2c.o(i.HAL_I2C_Init) for HAL_I2C_Init
    bsp_iic_oled.o(i.Bsp_IIC_Init) refers to bsp_iic_oled.o(.bss) for I2cHandle
    bsp_iic_oled.o(i.I2C_WriteByte) refers to py32f002b_hal_i2c.o(i.HAL_I2C_Mem_Write) for HAL_I2C_Mem_Write
    bsp_iic_oled.o(i.I2C_WriteByte) refers to bsp_iic_oled.o(.bss) for I2cHandle
    bsp_iic_oled.o(i.OLED_CLS) refers to bsp_iic_oled.o(i.OLED_Fill) for OLED_Fill
    bsp_iic_oled.o(i.OLED_DrawBMP) refers to bsp_iic_oled.o(i.OLED_SetPos) for OLED_SetPos
    bsp_iic_oled.o(i.OLED_DrawBMP) refers to bsp_iic_oled.o(i.WriteDat) for WriteDat
    bsp_iic_oled.o(i.OLED_Fill) refers to bsp_iic_oled.o(i.WriteCmd) for WriteCmd
    bsp_iic_oled.o(i.OLED_Fill) refers to bsp_iic_oled.o(i.WriteDat) for WriteDat
    bsp_iic_oled.o(i.OLED_Init) refers to py32f002b_hal.o(i.HAL_Delay) for HAL_Delay
    bsp_iic_oled.o(i.OLED_Init) refers to bsp_iic_oled.o(i.WriteCmd) for WriteCmd
    bsp_iic_oled.o(i.OLED_OFF) refers to bsp_iic_oled.o(i.WriteCmd) for WriteCmd
    bsp_iic_oled.o(i.OLED_ON) refers to bsp_iic_oled.o(i.WriteCmd) for WriteCmd
    bsp_iic_oled.o(i.OLED_SetPos) refers to bsp_iic_oled.o(i.WriteCmd) for WriteCmd
    bsp_iic_oled.o(i.OLED_ShowCN) refers to bsp_iic_oled.o(i.OLED_SetPos) for OLED_SetPos
    bsp_iic_oled.o(i.OLED_ShowCN) refers to bsp_iic_oled.o(i.WriteDat) for WriteDat
    bsp_iic_oled.o(i.OLED_ShowCN) refers to bsp_iic_oled.o(.data) for F16x16
    bsp_iic_oled.o(i.OLED_ShowStr) refers to bsp_iic_oled.o(i.OLED_SetPos) for OLED_SetPos
    bsp_iic_oled.o(i.OLED_ShowStr) refers to bsp_iic_oled.o(i.WriteDat) for WriteDat
    bsp_iic_oled.o(i.OLED_ShowStr) refers to bsp_iic_oled.o(.constdata) for F6x8
    bsp_iic_oled.o(i.WriteCmd) refers to bsp_iic_oled.o(i.I2C_WriteByte) for I2C_WriteByte
    bsp_iic_oled.o(i.WriteDat) refers to bsp_iic_oled.o(i.I2C_WriteByte) for I2C_WriteByte
    entry.o(.ARM.Collect$$$$00000000) refers (Special) to entry10a.o(.ARM.Collect$$$$0000000D) for __rt_final_cpp
    entry.o(.ARM.Collect$$$$00000000) refers (Special) to entry11a.o(.ARM.Collect$$$$0000000F) for __rt_final_exit
    entry.o(.ARM.Collect$$$$00000000) refers (Special) to entry7b.o(.ARM.Collect$$$$00000008) for _main_clock
    entry.o(.ARM.Collect$$$$00000000) refers (Special) to entry8b.o(.ARM.Collect$$$$0000000A) for _main_cpp_init
    entry.o(.ARM.Collect$$$$00000000) refers (Special) to entry9a.o(.ARM.Collect$$$$0000000B) for _main_init
    entry.o(.ARM.Collect$$$$00000000) refers (Special) to entry5.o(.ARM.Collect$$$$00000004) for _main_scatterload
    entry.o(.ARM.Collect$$$$00000000) refers (Special) to entry2.o(.ARM.Collect$$$$00000001) for _main_stk
    entry2.o(.ARM.Collect$$$$00000001) refers to entry2.o(.ARM.Collect$$$$00002712) for __lit__00000000
    entry2.o(.ARM.Collect$$$$00002712) refers to startup_py32f002xx.o(STACK) for __initial_sp
    entry2.o(__vectab_stack_and_reset_area) refers to startup_py32f002xx.o(STACK) for __initial_sp
    entry2.o(__vectab_stack_and_reset_area) refers to entry.o(.ARM.Collect$$$$00000000) for __main
    entry5.o(.ARM.Collect$$$$00000004) refers to init.o(.text) for __scatterload
    entry9a.o(.ARM.Collect$$$$0000000B) refers to main.o(i.main) for main
    entry9b.o(.ARM.Collect$$$$0000000C) refers to main.o(i.main) for main
    init.o(.text) refers to entry5.o(.ARM.Collect$$$$00000004) for __main_after_scatterload


==============================================================================

Removing Unused input sections from the image.

    Removing startup_py32f002xx.o(HEAP), (0 bytes).
    Removing py32f002b_hal.o(.rev16_text), (4 bytes).
    Removing py32f002b_hal.o(.revsh_text), (4 bytes).
    Removing py32f002b_hal.o(i.HAL_DBGMCU_DisableDBGMCUStopMode), (20 bytes).
    Removing py32f002b_hal.o(i.HAL_DBGMCU_EnableDBGMCUStopMode), (20 bytes).
    Removing py32f002b_hal.o(i.HAL_DeInit), (52 bytes).
    Removing py32f002b_hal.o(i.HAL_GetDEVID), (16 bytes).
    Removing py32f002b_hal.o(i.HAL_GetHalVersion), (6 bytes).
    Removing py32f002b_hal.o(i.HAL_GetREVID), (12 bytes).
    Removing py32f002b_hal.o(i.HAL_GetTickFreq), (12 bytes).
    Removing py32f002b_hal.o(i.HAL_GetTickPrio), (12 bytes).
    Removing py32f002b_hal.o(i.HAL_GetUIDw0), (12 bytes).
    Removing py32f002b_hal.o(i.HAL_GetUIDw1), (12 bytes).
    Removing py32f002b_hal.o(i.HAL_GetUIDw2), (12 bytes).
    Removing py32f002b_hal.o(i.HAL_MspDeInit), (2 bytes).
    Removing py32f002b_hal.o(i.HAL_MspInit), (2 bytes).
    Removing py32f002b_hal.o(i.HAL_ResumeTick), (20 bytes).
    Removing py32f002b_hal.o(i.HAL_SYSCFG_DisableGPIONoiseFilter), (72 bytes).
    Removing py32f002b_hal.o(i.HAL_SYSCFG_DisableI2CFastModePlus), (16 bytes).
    Removing py32f002b_hal.o(i.HAL_SYSCFG_EnableGPIONoiseFilter), (72 bytes).
    Removing py32f002b_hal.o(i.HAL_SYSCFG_EnableI2CFastModePlus), (16 bytes).
    Removing py32f002b_hal.o(i.HAL_SYSCFG_GetRemapMemory), (16 bytes).
    Removing py32f002b_hal.o(i.HAL_SYSCFG_GetTIM1CH1Source), (16 bytes).
    Removing py32f002b_hal.o(i.HAL_SYSCFG_SetRemapMemory), (20 bytes).
    Removing py32f002b_hal.o(i.HAL_SYSCFG_SetTIM1CH1Source), (20 bytes).
    Removing py32f002b_hal.o(i.HAL_SYSCFG_TIM1ETRSource), (24 bytes).
    Removing py32f002b_hal.o(i.HAL_SetTickFreq), (44 bytes).
    Removing py32f002b_hal.o(i.HAL_SuspendTick), (20 bytes).
    Removing py32f002b_hal_adc.o(.rev16_text), (4 bytes).
    Removing py32f002b_hal_adc.o(.revsh_text), (4 bytes).
    Removing py32f002b_hal_adc.o(i.ADC_ConversionStop), (108 bytes).
    Removing py32f002b_hal_adc.o(i.ADC_Disable), (140 bytes).
    Removing py32f002b_hal_adc.o(i.ADC_Enable), (124 bytes).
    Removing py32f002b_hal_adc.o(i.HAL_ADC_AnalogWDGConfig), (212 bytes).
    Removing py32f002b_hal_adc.o(i.HAL_ADC_Calibration_GetStatus), (132 bytes).
    Removing py32f002b_hal_adc.o(i.HAL_ADC_Calibration_SetAndStart), (196 bytes).
    Removing py32f002b_hal_adc.o(i.HAL_ADC_Calibration_Start), (158 bytes).
    Removing py32f002b_hal_adc.o(i.HAL_ADC_ConfigChannel), (384 bytes).
    Removing py32f002b_hal_adc.o(i.HAL_ADC_ConfigVrefBuf), (80 bytes).
    Removing py32f002b_hal_adc.o(i.HAL_ADC_ConvCpltCallback), (2 bytes).
    Removing py32f002b_hal_adc.o(i.HAL_ADC_ConvHalfCpltCallback), (2 bytes).
    Removing py32f002b_hal_adc.o(i.HAL_ADC_DeInit), (196 bytes).
    Removing py32f002b_hal_adc.o(i.HAL_ADC_ErrorCallback), (2 bytes).
    Removing py32f002b_hal_adc.o(i.HAL_ADC_GetError), (6 bytes).
    Removing py32f002b_hal_adc.o(i.HAL_ADC_GetState), (6 bytes).
    Removing py32f002b_hal_adc.o(i.HAL_ADC_GetValue), (8 bytes).
    Removing py32f002b_hal_adc.o(i.HAL_ADC_IRQHandler), (266 bytes).
    Removing py32f002b_hal_adc.o(i.HAL_ADC_Init), (404 bytes).
    Removing py32f002b_hal_adc.o(i.HAL_ADC_LevelOutOfWindowCallback), (2 bytes).
    Removing py32f002b_hal_adc.o(i.HAL_ADC_MspDeInit), (2 bytes).
    Removing py32f002b_hal_adc.o(i.HAL_ADC_MspInit), (2 bytes).
    Removing py32f002b_hal_adc.o(i.HAL_ADC_PollForConversion), (194 bytes).
    Removing py32f002b_hal_adc.o(i.HAL_ADC_PollForEvent), (138 bytes).
    Removing py32f002b_hal_adc.o(i.HAL_ADC_Start), (112 bytes).
    Removing py32f002b_hal_adc.o(i.HAL_ADC_Start_IT), (160 bytes).
    Removing py32f002b_hal_adc.o(i.HAL_ADC_Stop), (80 bytes).
    Removing py32f002b_hal_adc.o(i.HAL_ADC_Stop_IT), (92 bytes).
    Removing py32f002b_hal_comp.o(.rev16_text), (4 bytes).
    Removing py32f002b_hal_comp.o(.revsh_text), (4 bytes).
    Removing py32f002b_hal_comp.o(i.HAL_COMP_DeInit), (48 bytes).
    Removing py32f002b_hal_comp.o(i.HAL_COMP_GetError), (6 bytes).
    Removing py32f002b_hal_comp.o(i.HAL_COMP_GetOutputLevel), (16 bytes).
    Removing py32f002b_hal_comp.o(i.HAL_COMP_GetState), (14 bytes).
    Removing py32f002b_hal_comp.o(i.HAL_COMP_IRQHandler), (100 bytes).
    Removing py32f002b_hal_comp.o(i.HAL_COMP_Init), (436 bytes).
    Removing py32f002b_hal_comp.o(i.HAL_COMP_Lock), (54 bytes).
    Removing py32f002b_hal_comp.o(i.HAL_COMP_MspDeInit), (2 bytes).
    Removing py32f002b_hal_comp.o(i.HAL_COMP_MspInit), (2 bytes).
    Removing py32f002b_hal_comp.o(i.HAL_COMP_Start), (88 bytes).
    Removing py32f002b_hal_comp.o(i.HAL_COMP_Stop), (44 bytes).
    Removing py32f002b_hal_comp.o(i.HAL_COMP_TriggerCallback), (2 bytes).
    Removing py32f002b_hal_comp.o(i.LL_EXTI_ClearFlag), (12 bytes).
    Removing py32f002b_hal_comp.o(i.LL_EXTI_DisableEvent), (16 bytes).
    Removing py32f002b_hal_comp.o(i.LL_EXTI_DisableIT), (16 bytes).
    Removing py32f002b_hal_cortex.o(.rev16_text), (4 bytes).
    Removing py32f002b_hal_cortex.o(.revsh_text), (4 bytes).
    Removing py32f002b_hal_cortex.o(i.HAL_NVIC_ClearPendingIRQ), (24 bytes).
    Removing py32f002b_hal_cortex.o(i.HAL_NVIC_DisableIRQ), (24 bytes).
    Removing py32f002b_hal_cortex.o(i.HAL_NVIC_EnableIRQ), (24 bytes).
    Removing py32f002b_hal_cortex.o(i.HAL_NVIC_GetPendingIRQ), (40 bytes).
    Removing py32f002b_hal_cortex.o(i.HAL_NVIC_GetPriority), (72 bytes).
    Removing py32f002b_hal_cortex.o(i.HAL_NVIC_SetPendingIRQ), (24 bytes).
    Removing py32f002b_hal_cortex.o(i.HAL_NVIC_SystemReset), (56 bytes).
    Removing py32f002b_hal_cortex.o(i.HAL_SYSTICK_CLKSourceConfig), (36 bytes).
    Removing py32f002b_hal_cortex.o(i.HAL_SYSTICK_Callback), (2 bytes).
    Removing py32f002b_hal_cortex.o(i.HAL_SYSTICK_IRQHandler), (8 bytes).
    Removing py32f002b_hal_crc.o(.rev16_text), (4 bytes).
    Removing py32f002b_hal_crc.o(.revsh_text), (4 bytes).
    Removing py32f002b_hal_crc.o(i.HAL_CRC_Accumulate), (40 bytes).
    Removing py32f002b_hal_crc.o(i.HAL_CRC_Calculate), (52 bytes).
    Removing py32f002b_hal_crc.o(i.HAL_CRC_DeInit), (68 bytes).
    Removing py32f002b_hal_crc.o(i.HAL_CRC_GetState), (6 bytes).
    Removing py32f002b_hal_crc.o(i.HAL_CRC_Init), (34 bytes).
    Removing py32f002b_hal_crc.o(i.HAL_CRC_MspDeInit), (2 bytes).
    Removing py32f002b_hal_crc.o(i.HAL_CRC_MspInit), (2 bytes).
    Removing py32f002b_hal_exti.o(.rev16_text), (4 bytes).
    Removing py32f002b_hal_exti.o(.revsh_text), (4 bytes).
    Removing py32f002b_hal_exti.o(i.HAL_EXTI_ClearConfigLine), (128 bytes).
    Removing py32f002b_hal_exti.o(i.HAL_EXTI_ClearPending), (24 bytes).
    Removing py32f002b_hal_exti.o(i.HAL_EXTI_GenerateSWI), (24 bytes).
    Removing py32f002b_hal_exti.o(i.HAL_EXTI_GetConfigLine), (184 bytes).
    Removing py32f002b_hal_exti.o(i.HAL_EXTI_GetHandle), (16 bytes).
    Removing py32f002b_hal_exti.o(i.HAL_EXTI_GetPending), (36 bytes).
    Removing py32f002b_hal_exti.o(i.HAL_EXTI_IRQHandler), (48 bytes).
    Removing py32f002b_hal_exti.o(i.HAL_EXTI_RegisterCallback), (22 bytes).
    Removing py32f002b_hal_exti.o(i.HAL_EXTI_SetConfigLine), (252 bytes).
    Removing py32f002b_hal_flash.o(.rev16_text), (4 bytes).
    Removing py32f002b_hal_flash.o(.revsh_text), (4 bytes).
    Removing py32f002b_hal_flash.o(i.FLASH_MassErase), (40 bytes).
    Removing py32f002b_hal_flash.o(i.FLASH_OB_OptrConfig), (36 bytes).
    Removing py32f002b_hal_flash.o(i.FLASH_PageErase), (32 bytes).
    Removing py32f002b_hal_flash.o(i.FLASH_Program_Page), (84 bytes).
    Removing py32f002b_hal_flash.o(i.FLASH_SectorErase), (24 bytes).
    Removing py32f002b_hal_flash.o(i.FLASH_WaitForLastOperation), (60 bytes).
    Removing py32f002b_hal_flash.o(i.HAL_FLASH_EndOfOperationCallback), (2 bytes).
    Removing py32f002b_hal_flash.o(i.HAL_FLASH_Erase), (600 bytes).
    Removing py32f002b_hal_flash.o(i.HAL_FLASH_Erase_IT), (488 bytes).
    Removing py32f002b_hal_flash.o(i.HAL_FLASH_GetError), (12 bytes).
    Removing py32f002b_hal_flash.o(i.HAL_FLASH_IRQHandler), (288 bytes).
    Removing py32f002b_hal_flash.o(i.HAL_FLASH_Lock), (36 bytes).
    Removing py32f002b_hal_flash.o(i.HAL_FLASH_OBBOOTGetConfig), (28 bytes).
    Removing py32f002b_hal_flash.o(i.HAL_FLASH_OBBOOTProgram), (456 bytes).
    Removing py32f002b_hal_flash.o(i.HAL_FLASH_OBGetConfig), (64 bytes).
    Removing py32f002b_hal_flash.o(i.HAL_FLASH_OBProgram), (492 bytes).
    Removing py32f002b_hal_flash.o(i.HAL_FLASH_OB_Launch), (24 bytes).
    Removing py32f002b_hal_flash.o(i.HAL_FLASH_OB_Lock), (36 bytes).
    Removing py32f002b_hal_flash.o(i.HAL_FLASH_OB_Unlock), (52 bytes).
    Removing py32f002b_hal_flash.o(i.HAL_FLASH_OperationErrorCallback), (2 bytes).
    Removing py32f002b_hal_flash.o(i.HAL_FLASH_PageProgram), (18 bytes).
    Removing py32f002b_hal_flash.o(i.HAL_FLASH_PageProgram_IT), (18 bytes).
    Removing py32f002b_hal_flash.o(i.HAL_FLASH_Program), (456 bytes).
    Removing py32f002b_hal_flash.o(i.HAL_FLASH_Program_IT), (436 bytes).
    Removing py32f002b_hal_flash.o(i.HAL_FLASH_Unlock), (52 bytes).
    Removing py32f002b_hal_flash.o(.bss), (24 bytes).
    Removing py32f002b_hal_flash.o(.constdata), (32 bytes).
    Removing py32f002b_hal_gpio.o(.rev16_text), (4 bytes).
    Removing py32f002b_hal_gpio.o(.revsh_text), (4 bytes).
    Removing py32f002b_hal_gpio.o(i.HAL_GPIO_DeInit), (244 bytes).
    Removing py32f002b_hal_gpio.o(i.HAL_GPIO_EXTI_Callback), (2 bytes).
    Removing py32f002b_hal_gpio.o(i.HAL_GPIO_EXTI_IRQHandler), (32 bytes).
    Removing py32f002b_hal_gpio.o(i.HAL_GPIO_LockPin), (50 bytes).
    Removing py32f002b_hal_gpio.o(i.HAL_GPIO_ReadPin), (18 bytes).
    Removing py32f002b_hal_gpio.o(i.HAL_GPIO_TogglePin), (16 bytes).
    Removing py32f002b_hal_i2c.o(.rev16_text), (4 bytes).
    Removing py32f002b_hal_i2c.o(.revsh_text), (4 bytes).
    Removing py32f002b_hal_i2c.o(i.HAL_I2C_AbortCpltCallback), (2 bytes).
    Removing py32f002b_hal_i2c.o(i.HAL_I2C_AddrCallback), (2 bytes).
    Removing py32f002b_hal_i2c.o(i.HAL_I2C_DeInit), (66 bytes).
    Removing py32f002b_hal_i2c.o(i.HAL_I2C_DisableListen_IT), (74 bytes).
    Removing py32f002b_hal_i2c.o(i.HAL_I2C_ER_IRQHandler), (288 bytes).
    Removing py32f002b_hal_i2c.o(i.HAL_I2C_EV_IRQHandler), (576 bytes).
    Removing py32f002b_hal_i2c.o(i.HAL_I2C_EnableListen_IT), (76 bytes).
    Removing py32f002b_hal_i2c.o(i.HAL_I2C_ErrorCallback), (2 bytes).
    Removing py32f002b_hal_i2c.o(i.HAL_I2C_GetError), (6 bytes).
    Removing py32f002b_hal_i2c.o(i.HAL_I2C_GetMode), (8 bytes).
    Removing py32f002b_hal_i2c.o(i.HAL_I2C_GetState), (8 bytes).
    Removing py32f002b_hal_i2c.o(i.HAL_I2C_IsDeviceReady), (464 bytes).
    Removing py32f002b_hal_i2c.o(i.HAL_I2C_ListenCpltCallback), (2 bytes).
    Removing py32f002b_hal_i2c.o(i.HAL_I2C_MasterRxCpltCallback), (2 bytes).
    Removing py32f002b_hal_i2c.o(i.HAL_I2C_MasterTxCpltCallback), (2 bytes).
    Removing py32f002b_hal_i2c.o(i.HAL_I2C_Master_Abort_IT), (116 bytes).
    Removing py32f002b_hal_i2c.o(i.HAL_I2C_Master_Receive), (808 bytes).
    Removing py32f002b_hal_i2c.o(i.HAL_I2C_Master_Receive_IT), (268 bytes).
    Removing py32f002b_hal_i2c.o(i.HAL_I2C_Master_Seq_Receive_IT), (392 bytes).
    Removing py32f002b_hal_i2c.o(i.HAL_I2C_Master_Seq_Transmit_IT), (300 bytes).
    Removing py32f002b_hal_i2c.o(i.HAL_I2C_Master_Transmit), (384 bytes).
    Removing py32f002b_hal_i2c.o(i.HAL_I2C_Master_Transmit_IT), (252 bytes).
    Removing py32f002b_hal_i2c.o(i.HAL_I2C_MemRxCpltCallback), (2 bytes).
    Removing py32f002b_hal_i2c.o(i.HAL_I2C_MemTxCpltCallback), (2 bytes).
    Removing py32f002b_hal_i2c.o(i.HAL_I2C_Mem_Read), (816 bytes).
    Removing py32f002b_hal_i2c.o(i.HAL_I2C_Mem_Read_IT), (284 bytes).
    Removing py32f002b_hal_i2c.o(i.HAL_I2C_Mem_Write_IT), (264 bytes).
    Removing py32f002b_hal_i2c.o(i.HAL_I2C_MspDeInit), (2 bytes).
    Removing py32f002b_hal_i2c.o(i.HAL_I2C_MspInit), (2 bytes).
    Removing py32f002b_hal_i2c.o(i.HAL_I2C_SlaveRxCpltCallback), (2 bytes).
    Removing py32f002b_hal_i2c.o(i.HAL_I2C_SlaveTxCpltCallback), (2 bytes).
    Removing py32f002b_hal_i2c.o(i.HAL_I2C_Slave_Receive), (404 bytes).
    Removing py32f002b_hal_i2c.o(i.HAL_I2C_Slave_Receive_IT), (156 bytes).
    Removing py32f002b_hal_i2c.o(i.HAL_I2C_Slave_Seq_Receive_IT), (164 bytes).
    Removing py32f002b_hal_i2c.o(i.HAL_I2C_Slave_Seq_Transmit_IT), (162 bytes).
    Removing py32f002b_hal_i2c.o(i.HAL_I2C_Slave_Transmit), (380 bytes).
    Removing py32f002b_hal_i2c.o(i.HAL_I2C_Slave_Transmit_IT), (156 bytes).
    Removing py32f002b_hal_i2c.o(i.I2C_ConvertOtherXferOptions), (32 bytes).
    Removing py32f002b_hal_i2c.o(i.I2C_ITError), (240 bytes).
    Removing py32f002b_hal_i2c.o(i.I2C_MasterReceive_BTF), (310 bytes).
    Removing py32f002b_hal_i2c.o(i.I2C_MasterReceive_RXNE), (174 bytes).
    Removing py32f002b_hal_i2c.o(i.I2C_MasterRequestRead), (144 bytes).
    Removing py32f002b_hal_i2c.o(i.I2C_MasterRequestWrite), (128 bytes).
    Removing py32f002b_hal_i2c.o(i.I2C_MasterTransmit_BTF), (172 bytes).
    Removing py32f002b_hal_i2c.o(i.I2C_MasterTransmit_TXE), (352 bytes).
    Removing py32f002b_hal_i2c.o(i.I2C_Master_ADD10), (10 bytes).
    Removing py32f002b_hal_i2c.o(i.I2C_Master_ADDR), (468 bytes).
    Removing py32f002b_hal_i2c.o(i.I2C_Master_SB), (74 bytes).
    Removing py32f002b_hal_i2c.o(i.I2C_RequestMemoryRead), (340 bytes).
    Removing py32f002b_hal_i2c.o(i.I2C_SlaveReceive_BTF), (28 bytes).
    Removing py32f002b_hal_i2c.o(i.I2C_SlaveReceive_RXNE), (76 bytes).
    Removing py32f002b_hal_i2c.o(i.I2C_SlaveTransmit_BTF), (28 bytes).
    Removing py32f002b_hal_i2c.o(i.I2C_SlaveTransmit_TXE), (76 bytes).
    Removing py32f002b_hal_i2c.o(i.I2C_Slave_ADDR), (90 bytes).
    Removing py32f002b_hal_i2c.o(i.I2C_Slave_AF), (168 bytes).
    Removing py32f002b_hal_i2c.o(i.I2C_Slave_STOPF), (320 bytes).
    Removing py32f002b_hal_i2c.o(i.I2C_WaitOnRXNEFlagUntilTimeout), (132 bytes).
    Removing py32f002b_hal_i2c.o(i.I2C_WaitOnSTOPFlagUntilTimeout), (94 bytes).
    Removing py32f002b_hal_iwdg.o(.rev16_text), (4 bytes).
    Removing py32f002b_hal_iwdg.o(.revsh_text), (4 bytes).
    Removing py32f002b_hal_iwdg.o(i.HAL_IWDG_Init), (88 bytes).
    Removing py32f002b_hal_iwdg.o(i.HAL_IWDG_Refresh), (16 bytes).
    Removing py32f002b_hal_lptim.o(.rev16_text), (4 bytes).
    Removing py32f002b_hal_lptim.o(.revsh_text), (4 bytes).
    Removing py32f002b_hal_lptim.o(i.HAL_LPTIM_AutoReloadMatchCallback), (2 bytes).
    Removing py32f002b_hal_lptim.o(i.HAL_LPTIM_AutoReloadUpdateCompletedCallback), (2 bytes).
    Removing py32f002b_hal_lptim.o(i.HAL_LPTIM_DeInit), (48 bytes).
    Removing py32f002b_hal_lptim.o(i.HAL_LPTIM_GetState), (6 bytes).
    Removing py32f002b_hal_lptim.o(i.HAL_LPTIM_IRQHandler), (82 bytes).
    Removing py32f002b_hal_lptim.o(i.HAL_LPTIM_Init), (64 bytes).
    Removing py32f002b_hal_lptim.o(i.HAL_LPTIM_MspDeInit), (2 bytes).
    Removing py32f002b_hal_lptim.o(i.HAL_LPTIM_MspInit), (2 bytes).
    Removing py32f002b_hal_lptim.o(i.HAL_LPTIM_ReadAutoReload), (8 bytes).
    Removing py32f002b_hal_lptim.o(i.HAL_LPTIM_ReadCounter), (8 bytes).
    Removing py32f002b_hal_lptim.o(i.HAL_LPTIM_ResetCounter), (34 bytes).
    Removing py32f002b_hal_lptim.o(i.HAL_LPTIM_SetContinue_Start), (42 bytes).
    Removing py32f002b_hal_lptim.o(i.HAL_LPTIM_SetContinue_Start_IT), (54 bytes).
    Removing py32f002b_hal_lptim.o(i.HAL_LPTIM_SetContinue_Stop), (26 bytes).
    Removing py32f002b_hal_lptim.o(i.HAL_LPTIM_SetContinue_Stop_IT), (38 bytes).
    Removing py32f002b_hal_lptim.o(i.HAL_LPTIM_SetOnce_Start), (42 bytes).
    Removing py32f002b_hal_lptim.o(i.HAL_LPTIM_SetOnce_Start_IT), (54 bytes).
    Removing py32f002b_hal_lptim.o(i.HAL_LPTIM_SetOnce_Stop), (26 bytes).
    Removing py32f002b_hal_lptim.o(i.HAL_LPTIM_SetOnce_Stop_IT), (38 bytes).
    Removing py32f002b_hal_pwr.o(.rev16_text), (4 bytes).
    Removing py32f002b_hal_pwr.o(.revsh_text), (4 bytes).
    Removing py32f002b_hal_pwr.o(i.HAL_PWR_ConfigBIAS), (60 bytes).
    Removing py32f002b_hal_pwr.o(i.HAL_PWR_ConfigStopMode), (40 bytes).
    Removing py32f002b_hal_pwr.o(i.HAL_PWR_DeInit), (32 bytes).
    Removing py32f002b_hal_pwr.o(i.HAL_PWR_DisableSEVOnPend), (20 bytes).
    Removing py32f002b_hal_pwr.o(i.HAL_PWR_DisableSleepOnExit), (20 bytes).
    Removing py32f002b_hal_pwr.o(i.HAL_PWR_EnableSEVOnPend), (20 bytes).
    Removing py32f002b_hal_pwr.o(i.HAL_PWR_EnableSleepOnExit), (20 bytes).
    Removing py32f002b_hal_pwr.o(i.HAL_PWR_EnterSLEEPMode), (32 bytes).
    Removing py32f002b_hal_pwr.o(i.HAL_PWR_EnterSTOPMode), (64 bytes).
    Removing py32f002b_hal_rcc.o(.rev16_text), (4 bytes).
    Removing py32f002b_hal_rcc.o(.revsh_text), (4 bytes).
    Removing py32f002b_hal_rcc.o(i.HAL_RCC_CSSCallback), (2 bytes).
    Removing py32f002b_hal_rcc.o(i.HAL_RCC_ClockConfig), (444 bytes).
    Removing py32f002b_hal_rcc.o(i.HAL_RCC_DeInit), (168 bytes).
    Removing py32f002b_hal_rcc.o(i.HAL_RCC_DisableLSECSS), (20 bytes).
    Removing py32f002b_hal_rcc.o(i.HAL_RCC_EnableLSECSS), (20 bytes).
    Removing py32f002b_hal_rcc.o(i.HAL_RCC_GetClockConfig), (60 bytes).
    Removing py32f002b_hal_rcc.o(i.HAL_RCC_GetOscConfig), (172 bytes).
    Removing py32f002b_hal_rcc.o(i.HAL_RCC_GetSysClockFreq), (200 bytes).
    Removing py32f002b_hal_rcc.o(i.HAL_RCC_LSECSSCallback), (2 bytes).
    Removing py32f002b_hal_rcc.o(i.HAL_RCC_MCOConfig), (160 bytes).
    Removing py32f002b_hal_rcc.o(i.HAL_RCC_NMI_IRQHandler), (32 bytes).
    Removing py32f002b_hal_rcc.o(i.HAL_RCC_OscConfig), (956 bytes).
    Removing py32f002b_hal_rcc.o(.constdata), (32 bytes).
    Removing py32f002b_hal_rcc_ex.o(.rev16_text), (4 bytes).
    Removing py32f002b_hal_rcc_ex.o(.revsh_text), (4 bytes).
    Removing py32f002b_hal_rcc_ex.o(i.HAL_RCCEx_DisableLSCO), (20 bytes).
    Removing py32f002b_hal_rcc_ex.o(i.HAL_RCCEx_EnableLSCO), (28 bytes).
    Removing py32f002b_hal_rcc_ex.o(i.HAL_RCCEx_GetPeriphCLKConfig), (48 bytes).
    Removing py32f002b_hal_rcc_ex.o(i.HAL_RCCEx_GetPeriphCLKFreq), (516 bytes).
    Removing py32f002b_hal_rcc_ex.o(i.HAL_RCCEx_PeriphCLKConfig), (188 bytes).
    Removing py32f002b_hal_spi.o(.rev16_text), (4 bytes).
    Removing py32f002b_hal_spi.o(.revsh_text), (4 bytes).
    Removing py32f002b_hal_spi.o(i.HAL_SPI_Abort), (236 bytes).
    Removing py32f002b_hal_spi.o(i.HAL_SPI_AbortCpltCallback), (2 bytes).
    Removing py32f002b_hal_spi.o(i.HAL_SPI_Abort_IT), (248 bytes).
    Removing py32f002b_hal_spi.o(i.HAL_SPI_DeInit), (58 bytes).
    Removing py32f002b_hal_spi.o(i.HAL_SPI_ErrorCallback), (2 bytes).
    Removing py32f002b_hal_spi.o(i.HAL_SPI_GetError), (6 bytes).
    Removing py32f002b_hal_spi.o(i.HAL_SPI_GetState), (8 bytes).
    Removing py32f002b_hal_spi.o(i.HAL_SPI_IRQHandler), (266 bytes).
    Removing py32f002b_hal_spi.o(i.HAL_SPI_Init), (164 bytes).
    Removing py32f002b_hal_spi.o(i.HAL_SPI_MspDeInit), (2 bytes).
    Removing py32f002b_hal_spi.o(i.HAL_SPI_MspInit), (2 bytes).
    Removing py32f002b_hal_spi.o(i.HAL_SPI_Receive), (396 bytes).
    Removing py32f002b_hal_spi.o(i.HAL_SPI_Receive_IT), (232 bytes).
    Removing py32f002b_hal_spi.o(i.HAL_SPI_RxCpltCallback), (2 bytes).
    Removing py32f002b_hal_spi.o(i.HAL_SPI_RxHalfCpltCallback), (2 bytes).
    Removing py32f002b_hal_spi.o(i.HAL_SPI_Transmit), (452 bytes).
    Removing py32f002b_hal_spi.o(i.HAL_SPI_TransmitReceive), (554 bytes).
    Removing py32f002b_hal_spi.o(i.HAL_SPI_TransmitReceive_IT), (208 bytes).
    Removing py32f002b_hal_spi.o(i.HAL_SPI_Transmit_IT), (192 bytes).
    Removing py32f002b_hal_spi.o(i.HAL_SPI_TxCpltCallback), (2 bytes).
    Removing py32f002b_hal_spi.o(i.HAL_SPI_TxHalfCpltCallback), (2 bytes).
    Removing py32f002b_hal_spi.o(i.HAL_SPI_TxRxCpltCallback), (2 bytes).
    Removing py32f002b_hal_spi.o(i.HAL_SPI_TxRxHalfCpltCallback), (2 bytes).
    Removing py32f002b_hal_spi.o(i.SPI_2linesRxISR_16BIT), (56 bytes).
    Removing py32f002b_hal_spi.o(i.SPI_2linesRxISR_8BIT), (56 bytes).
    Removing py32f002b_hal_spi.o(i.SPI_2linesTxISR_16BIT), (56 bytes).
    Removing py32f002b_hal_spi.o(i.SPI_2linesTxISR_8BIT), (56 bytes).
    Removing py32f002b_hal_spi.o(i.SPI_AbortRx_ISR), (164 bytes).
    Removing py32f002b_hal_spi.o(i.SPI_AbortTx_ISR), (276 bytes).
    Removing py32f002b_hal_spi.o(i.SPI_CloseRxTx_ISR), (100 bytes).
    Removing py32f002b_hal_spi.o(i.SPI_CloseRx_ISR), (72 bytes).
    Removing py32f002b_hal_spi.o(i.SPI_CloseTx_ISR), (98 bytes).
    Removing py32f002b_hal_spi.o(i.SPI_EndRxTransaction), (142 bytes).
    Removing py32f002b_hal_spi.o(i.SPI_EndRxTxTransaction), (106 bytes).
    Removing py32f002b_hal_spi.o(i.SPI_RxISR_16BIT), (38 bytes).
    Removing py32f002b_hal_spi.o(i.SPI_RxISR_8BIT), (38 bytes).
    Removing py32f002b_hal_spi.o(i.SPI_TxISR_16BIT), (38 bytes).
    Removing py32f002b_hal_spi.o(i.SPI_TxISR_8BIT), (38 bytes).
    Removing py32f002b_hal_spi.o(i.SPI_WaitFifoStateUntilTimeout), (212 bytes).
    Removing py32f002b_hal_spi.o(i.SPI_WaitFlagStateUntilTimeout), (180 bytes).
    Removing py32f002b_hal_tim.o(.rev16_text), (4 bytes).
    Removing py32f002b_hal_tim.o(.revsh_text), (4 bytes).
    Removing py32f002b_hal_tim.o(i.HAL_TIM_Base_DeInit), (84 bytes).
    Removing py32f002b_hal_tim.o(i.HAL_TIM_Base_GetState), (6 bytes).
    Removing py32f002b_hal_tim.o(i.HAL_TIM_Base_Init), (68 bytes).
    Removing py32f002b_hal_tim.o(i.HAL_TIM_Base_MspDeInit), (2 bytes).
    Removing py32f002b_hal_tim.o(i.HAL_TIM_Base_MspInit), (2 bytes).
    Removing py32f002b_hal_tim.o(i.HAL_TIM_Base_Start), (38 bytes).
    Removing py32f002b_hal_tim.o(i.HAL_TIM_Base_Start_IT), (42 bytes).
    Removing py32f002b_hal_tim.o(i.HAL_TIM_Base_Stop), (60 bytes).
    Removing py32f002b_hal_tim.o(i.HAL_TIM_Base_Stop_IT), (64 bytes).
    Removing py32f002b_hal_tim.o(i.HAL_TIM_ConfigClockSource), (262 bytes).
    Removing py32f002b_hal_tim.o(i.HAL_TIM_ConfigOCrefClear), (312 bytes).
    Removing py32f002b_hal_tim.o(i.HAL_TIM_ConfigTI1Input), (32 bytes).
    Removing py32f002b_hal_tim.o(i.HAL_TIM_Encoder_DeInit), (84 bytes).
    Removing py32f002b_hal_tim.o(i.HAL_TIM_Encoder_GetState), (6 bytes).
    Removing py32f002b_hal_tim.o(i.HAL_TIM_Encoder_Init), (204 bytes).
    Removing py32f002b_hal_tim.o(i.HAL_TIM_Encoder_MspDeInit), (2 bytes).
    Removing py32f002b_hal_tim.o(i.HAL_TIM_Encoder_MspInit), (2 bytes).
    Removing py32f002b_hal_tim.o(i.HAL_TIM_Encoder_Start), (80 bytes).
    Removing py32f002b_hal_tim.o(i.HAL_TIM_Encoder_Start_IT), (128 bytes).
    Removing py32f002b_hal_tim.o(i.HAL_TIM_Encoder_Stop), (112 bytes).
    Removing py32f002b_hal_tim.o(i.HAL_TIM_Encoder_Stop_IT), (160 bytes).
    Removing py32f002b_hal_tim.o(i.HAL_TIM_ErrorCallback), (2 bytes).
    Removing py32f002b_hal_tim.o(i.HAL_TIM_GenerateEvent), (44 bytes).
    Removing py32f002b_hal_tim.o(i.HAL_TIM_IC_CaptureCallback), (2 bytes).
    Removing py32f002b_hal_tim.o(i.HAL_TIM_IC_CaptureHalfCpltCallback), (2 bytes).
    Removing py32f002b_hal_tim.o(i.HAL_TIM_IC_ConfigChannel), (216 bytes).
    Removing py32f002b_hal_tim.o(i.HAL_TIM_IC_DeInit), (84 bytes).
    Removing py32f002b_hal_tim.o(i.HAL_TIM_IC_GetState), (6 bytes).
    Removing py32f002b_hal_tim.o(i.HAL_TIM_IC_Init), (68 bytes).
    Removing py32f002b_hal_tim.o(i.HAL_TIM_IC_MspDeInit), (2 bytes).
    Removing py32f002b_hal_tim.o(i.HAL_TIM_IC_MspInit), (2 bytes).
    Removing py32f002b_hal_tim.o(i.HAL_TIM_IC_Start), (44 bytes).
    Removing py32f002b_hal_tim.o(i.HAL_TIM_IC_Start_IT), (122 bytes).
    Removing py32f002b_hal_tim.o(i.HAL_TIM_IC_Stop), (64 bytes).
    Removing py32f002b_hal_tim.o(i.HAL_TIM_IC_Stop_IT), (144 bytes).
    Removing py32f002b_hal_tim.o(i.HAL_TIM_IRQHandler), (460 bytes).
    Removing py32f002b_hal_tim.o(i.HAL_TIM_OC_ConfigChannel), (108 bytes).
    Removing py32f002b_hal_tim.o(i.HAL_TIM_OC_DeInit), (84 bytes).
    Removing py32f002b_hal_tim.o(i.HAL_TIM_OC_DelayElapsedCallback), (2 bytes).
    Removing py32f002b_hal_tim.o(i.HAL_TIM_OC_GetState), (6 bytes).
    Removing py32f002b_hal_tim.o(i.HAL_TIM_OC_Init), (68 bytes).
    Removing py32f002b_hal_tim.o(i.HAL_TIM_OC_MspDeInit), (2 bytes).
    Removing py32f002b_hal_tim.o(i.HAL_TIM_OC_MspInit), (2 bytes).
    Removing py32f002b_hal_tim.o(i.HAL_TIM_OC_Start), (92 bytes).
    Removing py32f002b_hal_tim.o(i.HAL_TIM_OC_Start_IT), (172 bytes).
    Removing py32f002b_hal_tim.o(i.HAL_TIM_OC_Stop), (140 bytes).
    Removing py32f002b_hal_tim.o(i.HAL_TIM_OC_Stop_IT), (220 bytes).
    Removing py32f002b_hal_tim.o(i.HAL_TIM_OnePulse_ConfigChannel), (286 bytes).
    Removing py32f002b_hal_tim.o(i.HAL_TIM_OnePulse_DeInit), (84 bytes).
    Removing py32f002b_hal_tim.o(i.HAL_TIM_OnePulse_GetState), (6 bytes).
    Removing py32f002b_hal_tim.o(i.HAL_TIM_OnePulse_Init), (92 bytes).
    Removing py32f002b_hal_tim.o(i.HAL_TIM_OnePulse_MspDeInit), (2 bytes).
    Removing py32f002b_hal_tim.o(i.HAL_TIM_OnePulse_MspInit), (2 bytes).
    Removing py32f002b_hal_tim.o(i.HAL_TIM_OnePulse_Start), (80 bytes).
    Removing py32f002b_hal_tim.o(i.HAL_TIM_OnePulse_Start_IT), (104 bytes).
    Removing py32f002b_hal_tim.o(i.HAL_TIM_OnePulse_Stop), (152 bytes).
    Removing py32f002b_hal_tim.o(i.HAL_TIM_OnePulse_Stop_IT), (176 bytes).
    Removing py32f002b_hal_tim.o(i.HAL_TIM_PWM_ConfigChannel), (264 bytes).
    Removing py32f002b_hal_tim.o(i.HAL_TIM_PWM_DeInit), (84 bytes).
    Removing py32f002b_hal_tim.o(i.HAL_TIM_PWM_GetState), (6 bytes).
    Removing py32f002b_hal_tim.o(i.HAL_TIM_PWM_Init), (68 bytes).
    Removing py32f002b_hal_tim.o(i.HAL_TIM_PWM_MspDeInit), (2 bytes).
    Removing py32f002b_hal_tim.o(i.HAL_TIM_PWM_MspInit), (2 bytes).
    Removing py32f002b_hal_tim.o(i.HAL_TIM_PWM_PulseFinishedCallback), (2 bytes).
    Removing py32f002b_hal_tim.o(i.HAL_TIM_PWM_PulseFinishedHalfCpltCallback), (2 bytes).
    Removing py32f002b_hal_tim.o(i.HAL_TIM_PWM_Start), (92 bytes).
    Removing py32f002b_hal_tim.o(i.HAL_TIM_PWM_Start_IT), (172 bytes).
    Removing py32f002b_hal_tim.o(i.HAL_TIM_PWM_Stop), (144 bytes).
    Removing py32f002b_hal_tim.o(i.HAL_TIM_PWM_Stop_IT), (220 bytes).
    Removing py32f002b_hal_tim.o(i.HAL_TIM_PeriodElapsedCallback), (2 bytes).
    Removing py32f002b_hal_tim.o(i.HAL_TIM_PeriodElapsedHalfCpltCallback), (2 bytes).
    Removing py32f002b_hal_tim.o(i.HAL_TIM_ReadCapturedValue), (52 bytes).
    Removing py32f002b_hal_tim.o(i.HAL_TIM_RegisterCallback), (298 bytes).
    Removing py32f002b_hal_tim.o(i.HAL_TIM_SlaveConfigSynchro), (84 bytes).
    Removing py32f002b_hal_tim.o(i.HAL_TIM_SlaveConfigSynchro_IT), (84 bytes).
    Removing py32f002b_hal_tim.o(i.HAL_TIM_TriggerCallback), (2 bytes).
    Removing py32f002b_hal_tim.o(i.HAL_TIM_TriggerHalfCpltCallback), (2 bytes).
    Removing py32f002b_hal_tim.o(i.HAL_TIM_UnRegisterCallback), (480 bytes).
    Removing py32f002b_hal_tim.o(i.TIM_Base_SetConfig), (100 bytes).
    Removing py32f002b_hal_tim.o(i.TIM_CCxChannelCmd), (34 bytes).
    Removing py32f002b_hal_tim.o(i.TIM_ETR_SetConfig), (28 bytes).
    Removing py32f002b_hal_tim.o(i.TIM_ITRx_SetConfig), (24 bytes).
    Removing py32f002b_hal_tim.o(i.TIM_OC1_SetConfig), (140 bytes).
    Removing py32f002b_hal_tim.o(i.TIM_OC2_SetConfig), (156 bytes).
    Removing py32f002b_hal_tim.o(i.TIM_OC3_SetConfig), (152 bytes).
    Removing py32f002b_hal_tim.o(i.TIM_OC4_SetConfig), (108 bytes).
    Removing py32f002b_hal_tim.o(i.TIM_ResetCallback), (112 bytes).
    Removing py32f002b_hal_tim.o(i.TIM_SlaveTimer_SetConfig), (176 bytes).
    Removing py32f002b_hal_tim.o(i.TIM_TI1_ConfigInputStage), (50 bytes).
    Removing py32f002b_hal_tim.o(i.TIM_TI1_SetConfig), (88 bytes).
    Removing py32f002b_hal_tim.o(i.TIM_TI2_ConfigInputStage), (50 bytes).
    Removing py32f002b_hal_tim.o(i.TIM_TI2_SetConfig), (72 bytes).
    Removing py32f002b_hal_tim.o(i.TIM_TI3_SetConfig), (70 bytes).
    Removing py32f002b_hal_tim.o(i.TIM_TI4_SetConfig), (78 bytes).
    Removing py32f002b_hal_tim_ex.o(.rev16_text), (4 bytes).
    Removing py32f002b_hal_tim_ex.o(.revsh_text), (4 bytes).
    Removing py32f002b_hal_tim_ex.o(i.HAL_TIMEx_BreakCallback), (2 bytes).
    Removing py32f002b_hal_tim_ex.o(i.HAL_TIMEx_CommutCallback), (2 bytes).
    Removing py32f002b_hal_tim_ex.o(i.HAL_TIMEx_CommutHalfCpltCallback), (2 bytes).
    Removing py32f002b_hal_tim_ex.o(i.HAL_TIMEx_ConfigBreakDeadTime), (134 bytes).
    Removing py32f002b_hal_tim_ex.o(i.HAL_TIMEx_ConfigCommutEvent), (118 bytes).
    Removing py32f002b_hal_tim_ex.o(i.HAL_TIMEx_ConfigCommutEvent_IT), (118 bytes).
    Removing py32f002b_hal_tim_ex.o(i.HAL_TIMEx_HallSensor_DeInit), (84 bytes).
    Removing py32f002b_hal_tim_ex.o(i.HAL_TIMEx_HallSensor_GetState), (6 bytes).
    Removing py32f002b_hal_tim_ex.o(i.HAL_TIMEx_HallSensor_Init), (224 bytes).
    Removing py32f002b_hal_tim_ex.o(i.HAL_TIMEx_HallSensor_MspDeInit), (2 bytes).
    Removing py32f002b_hal_tim_ex.o(i.HAL_TIMEx_HallSensor_MspInit), (2 bytes).
    Removing py32f002b_hal_tim_ex.o(i.HAL_TIMEx_HallSensor_Start), (42 bytes).
    Removing py32f002b_hal_tim_ex.o(i.HAL_TIMEx_HallSensor_Start_IT), (54 bytes).
    Removing py32f002b_hal_tim_ex.o(i.HAL_TIMEx_HallSensor_Stop), (64 bytes).
    Removing py32f002b_hal_tim_ex.o(i.HAL_TIMEx_HallSensor_Stop_IT), (76 bytes).
    Removing py32f002b_hal_tim_ex.o(i.HAL_TIMEx_MasterConfigSynchronization), (96 bytes).
    Removing py32f002b_hal_tim_ex.o(i.HAL_TIMEx_OCN_Start), (58 bytes).
    Removing py32f002b_hal_tim_ex.o(i.HAL_TIMEx_OCN_Start_IT), (130 bytes).
    Removing py32f002b_hal_tim_ex.o(i.HAL_TIMEx_OCN_Stop), (108 bytes).
    Removing py32f002b_hal_tim_ex.o(i.HAL_TIMEx_OCN_Stop_IT), (196 bytes).
    Removing py32f002b_hal_tim_ex.o(i.HAL_TIMEx_OnePulseN_Start), (34 bytes).
    Removing py32f002b_hal_tim_ex.o(i.HAL_TIMEx_OnePulseN_Start_IT), (58 bytes).
    Removing py32f002b_hal_tim_ex.o(i.HAL_TIMEx_OnePulseN_Stop), (108 bytes).
    Removing py32f002b_hal_tim_ex.o(i.HAL_TIMEx_OnePulseN_Stop_IT), (132 bytes).
    Removing py32f002b_hal_tim_ex.o(i.HAL_TIMEx_PWMN_Start), (58 bytes).
    Removing py32f002b_hal_tim_ex.o(i.HAL_TIMEx_PWMN_Start_IT), (130 bytes).
    Removing py32f002b_hal_tim_ex.o(i.HAL_TIMEx_PWMN_Stop), (108 bytes).
    Removing py32f002b_hal_tim_ex.o(i.HAL_TIMEx_PWMN_Stop_IT), (196 bytes).
    Removing py32f002b_hal_tim_ex.o(i.HAL_TIMEx_RemapConfig), (36 bytes).
    Removing py32f002b_hal_tim_ex.o(i.TIM_CCxNChannelCmd), (34 bytes).
    Removing py32f002b_hal_uart.o(.rev16_text), (4 bytes).
    Removing py32f002b_hal_uart.o(.revsh_text), (4 bytes).
    Removing py32f002b_hal_uart.o(i.HAL_HalfDuplex_EnableReceiver), (72 bytes).
    Removing py32f002b_hal_uart.o(i.HAL_HalfDuplex_EnableTransmitter), (72 bytes).
    Removing py32f002b_hal_uart.o(i.HAL_HalfDuplex_Init), (116 bytes).
    Removing py32f002b_hal_uart.o(i.HAL_MultiProcessor_EnterMuteMode), (62 bytes).
    Removing py32f002b_hal_uart.o(i.HAL_MultiProcessor_ExitMuteMode), (62 bytes).
    Removing py32f002b_hal_uart.o(i.HAL_MultiProcessor_Init), (166 bytes).
    Removing py32f002b_hal_uart.o(i.HAL_UART_Abort), (50 bytes).
    Removing py32f002b_hal_uart.o(i.HAL_UART_AbortCpltCallback), (2 bytes).
    Removing py32f002b_hal_uart.o(i.HAL_UART_AbortReceive), (42 bytes).
    Removing py32f002b_hal_uart.o(i.HAL_UART_AbortReceiveCpltCallback), (2 bytes).
    Removing py32f002b_hal_uart.o(i.HAL_UART_AbortReceive_IT), (50 bytes).
    Removing py32f002b_hal_uart.o(i.HAL_UART_AbortTransmit), (28 bytes).
    Removing py32f002b_hal_uart.o(i.HAL_UART_AbortTransmitCpltCallback), (2 bytes).
    Removing py32f002b_hal_uart.o(i.HAL_UART_AbortTransmit_IT), (36 bytes).
    Removing py32f002b_hal_uart.o(i.HAL_UART_Abort_IT), (62 bytes).
    Removing py32f002b_hal_uart.o(i.HAL_UART_DeInit), (64 bytes).
    Removing py32f002b_hal_uart.o(i.HAL_UART_ErrorCallback), (2 bytes).
    Removing py32f002b_hal_uart.o(i.HAL_UART_GetError), (6 bytes).
    Removing py32f002b_hal_uart.o(i.HAL_UART_GetState), (20 bytes).
    Removing py32f002b_hal_uart.o(i.HAL_UART_IRQHandler), (338 bytes).
    Removing py32f002b_hal_uart.o(i.HAL_UART_IdleFrameDetectCpltCallback), (2 bytes).
    Removing py32f002b_hal_uart.o(i.HAL_UART_Init), (138 bytes).
    Removing py32f002b_hal_uart.o(i.HAL_UART_MspDeInit), (2 bytes).
    Removing py32f002b_hal_uart.o(i.HAL_UART_MspInit), (2 bytes).
    Removing py32f002b_hal_uart.o(i.HAL_UART_Receive), (228 bytes).
    Removing py32f002b_hal_uart.o(i.HAL_UART_Receive_IT), (118 bytes).
    Removing py32f002b_hal_uart.o(i.HAL_UART_RxCpltCallback), (2 bytes).
    Removing py32f002b_hal_uart.o(i.HAL_UART_RxHalfCpltCallback), (2 bytes).
    Removing py32f002b_hal_uart.o(i.HAL_UART_Transmit), (254 bytes).
    Removing py32f002b_hal_uart.o(i.HAL_UART_Transmit_IT), (92 bytes).
    Removing py32f002b_hal_uart.o(i.HAL_UART_TxCpltCallback), (2 bytes).
    Removing py32f002b_hal_uart.o(i.HAL_UART_TxHalfCpltCallback), (2 bytes).
    Removing py32f002b_hal_uart.o(i.UART_AdvFeatureConfig), (56 bytes).
    Removing py32f002b_hal_uart.o(i.UART_EndRxTransfer), (34 bytes).
    Removing py32f002b_hal_uart.o(i.UART_EndTransmit_IT), (32 bytes).
    Removing py32f002b_hal_uart.o(i.UART_Receive_IT), (136 bytes).
    Removing py32f002b_hal_uart.o(i.UART_SetConfig), (420 bytes).
    Removing py32f002b_hal_uart.o(i.UART_Transmit_IT), (106 bytes).
    Removing py32f002b_hal_uart.o(i.UART_WaitOnFlagUntilTimeout), (112 bytes).
    Removing py32f002b_hal_usart.o(.rev16_text), (4 bytes).
    Removing py32f002b_hal_usart.o(.revsh_text), (4 bytes).
    Removing py32f002b_hal_usart.o(i.HAL_USART_Abort), (46 bytes).
    Removing py32f002b_hal_usart.o(i.HAL_USART_AbortCpltCallback), (2 bytes).
    Removing py32f002b_hal_usart.o(i.HAL_USART_Abort_IT), (58 bytes).
    Removing py32f002b_hal_usart.o(i.HAL_USART_DeInit), (58 bytes).
    Removing py32f002b_hal_usart.o(i.HAL_USART_ErrorCallback), (2 bytes).
    Removing py32f002b_hal_usart.o(i.HAL_USART_GetError), (6 bytes).
    Removing py32f002b_hal_usart.o(i.HAL_USART_GetState), (8 bytes).
    Removing py32f002b_hal_usart.o(i.HAL_USART_IRQHandler), (342 bytes).
    Removing py32f002b_hal_usart.o(i.HAL_USART_Init), (72 bytes).
    Removing py32f002b_hal_usart.o(i.HAL_USART_MspDeInit), (2 bytes).
    Removing py32f002b_hal_usart.o(i.HAL_USART_MspInit), (2 bytes).
    Removing py32f002b_hal_usart.o(i.HAL_USART_Receive), (296 bytes).
    Removing py32f002b_hal_usart.o(i.HAL_USART_Receive_IT), (116 bytes).
    Removing py32f002b_hal_usart.o(i.HAL_USART_RxCpltCallback), (2 bytes).
    Removing py32f002b_hal_usart.o(i.HAL_USART_RxHalfCpltCallback), (2 bytes).
    Removing py32f002b_hal_usart.o(i.HAL_USART_Transmit), (226 bytes).
    Removing py32f002b_hal_usart.o(i.HAL_USART_TransmitReceive), (336 bytes).
    Removing py32f002b_hal_usart.o(i.HAL_USART_TransmitReceive_IT), (140 bytes).
    Removing py32f002b_hal_usart.o(i.HAL_USART_Transmit_IT), (92 bytes).
    Removing py32f002b_hal_usart.o(i.HAL_USART_TxCpltCallback), (2 bytes).
    Removing py32f002b_hal_usart.o(i.HAL_USART_TxHalfCpltCallback), (2 bytes).
    Removing py32f002b_hal_usart.o(i.HAL_USART_TxRxCpltCallback), (2 bytes).
    Removing py32f002b_hal_usart.o(i.USART_EndRxTransfer), (34 bytes).
    Removing py32f002b_hal_usart.o(i.USART_EndTransmit_IT), (44 bytes).
    Removing py32f002b_hal_usart.o(i.USART_Receive_IT), (212 bytes).
    Removing py32f002b_hal_usart.o(i.USART_SetConfig), (268 bytes).
    Removing py32f002b_hal_usart.o(i.USART_TransmitReceive_IT), (296 bytes).
    Removing py32f002b_hal_usart.o(i.USART_Transmit_IT), (110 bytes).
    Removing py32f002b_hal_usart.o(i.USART_WaitOnFlagUntilTimeout), (132 bytes).
    Removing main.o(.rev16_text), (4 bytes).
    Removing main.o(.revsh_text), (4 bytes).
    Removing py32f002b_it.o(.rev16_text), (4 bytes).
    Removing py32f002b_it.o(.revsh_text), (4 bytes).
    Removing py32f002b_hal_msp.o(.rev16_text), (4 bytes).
    Removing py32f002b_hal_msp.o(.revsh_text), (4 bytes).
    Removing system_py32f002b.o(.rev16_text), (4 bytes).
    Removing system_py32f002b.o(.revsh_text), (4 bytes).
    Removing system_py32f002b.o(i.SystemCoreClockUpdate), (156 bytes).
    Removing bsp_gpio_led.o(.rev16_text), (4 bytes).
    Removing bsp_gpio_led.o(.revsh_text), (4 bytes).
    Removing bsp_iic_oled.o(.rev16_text), (4 bytes).
    Removing bsp_iic_oled.o(.revsh_text), (4 bytes).
    Removing bsp_iic_oled.o(i.OLED_DrawBMP), (114 bytes).
    Removing py32f002b_hal_tim.o(i.__ARM_common_switch8), (28 bytes).

518 unused section(s) (total 46496 bytes) removed from the image.

==============================================================================

Image Symbol Table

    Local Symbols

    Symbol Name                              Value     Ov Type        Size  Object(Section)

    ../clib/../cmprslib/zerorunl2.c          0x00000000   Number         0  __dczerorl2.o ABSOLUTE
    ../clib/microlib/division.c              0x00000000   Number         0  uidiv.o ABSOLUTE
    ../clib/microlib/init/entry.s            0x00000000   Number         0  entry11a.o ABSOLUTE
    ../clib/microlib/init/entry.s            0x00000000   Number         0  entry.o ABSOLUTE
    ../clib/microlib/init/entry.s            0x00000000   Number         0  entry8b.o ABSOLUTE
    ../clib/microlib/init/entry.s            0x00000000   Number         0  entry11b.o ABSOLUTE
    ../clib/microlib/init/entry.s            0x00000000   Number         0  entry10b.o ABSOLUTE
    ../clib/microlib/init/entry.s            0x00000000   Number         0  entry10a.o ABSOLUTE
    ../clib/microlib/init/entry.s            0x00000000   Number         0  entry7b.o ABSOLUTE
    ../clib/microlib/init/entry.s            0x00000000   Number         0  entry7a.o ABSOLUTE
    ../clib/microlib/init/entry.s            0x00000000   Number         0  entry9b.o ABSOLUTE
    ../clib/microlib/init/entry.s            0x00000000   Number         0  entry9a.o ABSOLUTE
    ../clib/microlib/init/entry.s            0x00000000   Number         0  entry8a.o ABSOLUTE
    ../clib/microlib/init/entry.s            0x00000000   Number         0  entry5.o ABSOLUTE
    ../clib/microlib/init/entry.s            0x00000000   Number         0  entry2.o ABSOLUTE
    ../clib/microlib/string/memcpy.c         0x00000000   Number         0  memcpyb.o ABSOLUTE
    ../clib/microlib/string/memcpy.c         0x00000000   Number         0  memcpya.o ABSOLUTE
    ../clib/microlib/string/memset.c         0x00000000   Number         0  memseta.o ABSOLUTE
    ..\Drivers\CMSIS\Device\PY32F0xx\Source\arm\startup_py32f002xx.s 0x00000000   Number         0  startup_py32f002xx.o ABSOLUTE
    ..\Drivers\PY32F002B_HAL_Driver\Src\py32f002b_hal.c 0x00000000   Number         0  py32f002b_hal.o ABSOLUTE
    ..\Drivers\PY32F002B_HAL_Driver\Src\py32f002b_hal_adc.c 0x00000000   Number         0  py32f002b_hal_adc.o ABSOLUTE
    ..\Drivers\PY32F002B_HAL_Driver\Src\py32f002b_hal_comp.c 0x00000000   Number         0  py32f002b_hal_comp.o ABSOLUTE
    ..\Drivers\PY32F002B_HAL_Driver\Src\py32f002b_hal_cortex.c 0x00000000   Number         0  py32f002b_hal_cortex.o ABSOLUTE
    ..\Drivers\PY32F002B_HAL_Driver\Src\py32f002b_hal_crc.c 0x00000000   Number         0  py32f002b_hal_crc.o ABSOLUTE
    ..\Drivers\PY32F002B_HAL_Driver\Src\py32f002b_hal_exti.c 0x00000000   Number         0  py32f002b_hal_exti.o ABSOLUTE
    ..\Drivers\PY32F002B_HAL_Driver\Src\py32f002b_hal_flash.c 0x00000000   Number         0  py32f002b_hal_flash.o ABSOLUTE
    ..\Drivers\PY32F002B_HAL_Driver\Src\py32f002b_hal_gpio.c 0x00000000   Number         0  py32f002b_hal_gpio.o ABSOLUTE
    ..\Drivers\PY32F002B_HAL_Driver\Src\py32f002b_hal_i2c.c 0x00000000   Number         0  py32f002b_hal_i2c.o ABSOLUTE
    ..\Drivers\PY32F002B_HAL_Driver\Src\py32f002b_hal_iwdg.c 0x00000000   Number         0  py32f002b_hal_iwdg.o ABSOLUTE
    ..\Drivers\PY32F002B_HAL_Driver\Src\py32f002b_hal_lptim.c 0x00000000   Number         0  py32f002b_hal_lptim.o ABSOLUTE
    ..\Drivers\PY32F002B_HAL_Driver\Src\py32f002b_hal_pwr.c 0x00000000   Number         0  py32f002b_hal_pwr.o ABSOLUTE
    ..\Drivers\PY32F002B_HAL_Driver\Src\py32f002b_hal_rcc.c 0x00000000   Number         0  py32f002b_hal_rcc.o ABSOLUTE
    ..\Drivers\PY32F002B_HAL_Driver\Src\py32f002b_hal_rcc_ex.c 0x00000000   Number         0  py32f002b_hal_rcc_ex.o ABSOLUTE
    ..\Drivers\PY32F002B_HAL_Driver\Src\py32f002b_hal_spi.c 0x00000000   Number         0  py32f002b_hal_spi.o ABSOLUTE
    ..\Drivers\PY32F002B_HAL_Driver\Src\py32f002b_hal_tim.c 0x00000000   Number         0  py32f002b_hal_tim.o ABSOLUTE
    ..\Drivers\PY32F002B_HAL_Driver\Src\py32f002b_hal_tim_ex.c 0x00000000   Number         0  py32f002b_hal_tim_ex.o ABSOLUTE
    ..\Drivers\PY32F002B_HAL_Driver\Src\py32f002b_hal_uart.c 0x00000000   Number         0  py32f002b_hal_uart.o ABSOLUTE
    ..\Drivers\PY32F002B_HAL_Driver\Src\py32f002b_hal_usart.c 0x00000000   Number         0  py32f002b_hal_usart.o ABSOLUTE
    ..\User\iic\bsp_iic_oled.c               0x00000000   Number         0  bsp_iic_oled.o ABSOLUTE
    ..\User\led\bsp_gpio_led.c               0x00000000   Number         0  bsp_gpio_led.o ABSOLUTE
    ..\User\main.c                           0x00000000   Number         0  main.o ABSOLUTE
    ..\User\py32f002b_hal_msp.c              0x00000000   Number         0  py32f002b_hal_msp.o ABSOLUTE
    ..\User\py32f002b_it.c                   0x00000000   Number         0  py32f002b_it.o ABSOLUTE
    ..\User\system_py32f002b.c               0x00000000   Number         0  system_py32f002b.o ABSOLUTE
    ..\\Drivers\\PY32F002B_HAL_Driver\\Src\\py32f002b_hal.c 0x00000000   Number         0  py32f002b_hal.o ABSOLUTE
    ..\\Drivers\\PY32F002B_HAL_Driver\\Src\\py32f002b_hal_adc.c 0x00000000   Number         0  py32f002b_hal_adc.o ABSOLUTE
    ..\\Drivers\\PY32F002B_HAL_Driver\\Src\\py32f002b_hal_comp.c 0x00000000   Number         0  py32f002b_hal_comp.o ABSOLUTE
    ..\\Drivers\\PY32F002B_HAL_Driver\\Src\\py32f002b_hal_cortex.c 0x00000000   Number         0  py32f002b_hal_cortex.o ABSOLUTE
    ..\\Drivers\\PY32F002B_HAL_Driver\\Src\\py32f002b_hal_crc.c 0x00000000   Number         0  py32f002b_hal_crc.o ABSOLUTE
    ..\\Drivers\\PY32F002B_HAL_Driver\\Src\\py32f002b_hal_exti.c 0x00000000   Number         0  py32f002b_hal_exti.o ABSOLUTE
    ..\\Drivers\\PY32F002B_HAL_Driver\\Src\\py32f002b_hal_flash.c 0x00000000   Number         0  py32f002b_hal_flash.o ABSOLUTE
    ..\\Drivers\\PY32F002B_HAL_Driver\\Src\\py32f002b_hal_gpio.c 0x00000000   Number         0  py32f002b_hal_gpio.o ABSOLUTE
    ..\\Drivers\\PY32F002B_HAL_Driver\\Src\\py32f002b_hal_i2c.c 0x00000000   Number         0  py32f002b_hal_i2c.o ABSOLUTE
    ..\\Drivers\\PY32F002B_HAL_Driver\\Src\\py32f002b_hal_iwdg.c 0x00000000   Number         0  py32f002b_hal_iwdg.o ABSOLUTE
    ..\\Drivers\\PY32F002B_HAL_Driver\\Src\\py32f002b_hal_lptim.c 0x00000000   Number         0  py32f002b_hal_lptim.o ABSOLUTE
    ..\\Drivers\\PY32F002B_HAL_Driver\\Src\\py32f002b_hal_pwr.c 0x00000000   Number         0  py32f002b_hal_pwr.o ABSOLUTE
    ..\\Drivers\\PY32F002B_HAL_Driver\\Src\\py32f002b_hal_rcc.c 0x00000000   Number         0  py32f002b_hal_rcc.o ABSOLUTE
    ..\\Drivers\\PY32F002B_HAL_Driver\\Src\\py32f002b_hal_rcc_ex.c 0x00000000   Number         0  py32f002b_hal_rcc_ex.o ABSOLUTE
    ..\\Drivers\\PY32F002B_HAL_Driver\\Src\\py32f002b_hal_spi.c 0x00000000   Number         0  py32f002b_hal_spi.o ABSOLUTE
    ..\\Drivers\\PY32F002B_HAL_Driver\\Src\\py32f002b_hal_tim.c 0x00000000   Number         0  py32f002b_hal_tim.o ABSOLUTE
    ..\\Drivers\\PY32F002B_HAL_Driver\\Src\\py32f002b_hal_tim_ex.c 0x00000000   Number         0  py32f002b_hal_tim_ex.o ABSOLUTE
    ..\\Drivers\\PY32F002B_HAL_Driver\\Src\\py32f002b_hal_uart.c 0x00000000   Number         0  py32f002b_hal_uart.o ABSOLUTE
    ..\\Drivers\\PY32F002B_HAL_Driver\\Src\\py32f002b_hal_usart.c 0x00000000   Number         0  py32f002b_hal_usart.o ABSOLUTE
    ..\\User\\iic\\bsp_iic_oled.c            0x00000000   Number         0  bsp_iic_oled.o ABSOLUTE
    ..\\User\\led\\bsp_gpio_led.c            0x00000000   Number         0  bsp_gpio_led.o ABSOLUTE
    ..\\User\\main.c                         0x00000000   Number         0  main.o ABSOLUTE
    ..\\User\\py32f002b_hal_msp.c            0x00000000   Number         0  py32f002b_hal_msp.o ABSOLUTE
    ..\\User\\py32f002b_it.c                 0x00000000   Number         0  py32f002b_it.o ABSOLUTE
    ..\\User\\system_py32f002b.c             0x00000000   Number         0  system_py32f002b.o ABSOLUTE
    dc.s                                     0x00000000   Number         0  dc.o ABSOLUTE
    handlers.s                               0x00000000   Number         0  handlers.o ABSOLUTE
    init.s                                   0x00000000   Number         0  init.o ABSOLUTE
    RESET                                    0x08000000   Section      192  startup_py32f002xx.o(RESET)
    .ARM.Collect$$$$00000000                 0x080000c0   Section        0  entry.o(.ARM.Collect$$$$00000000)
    .ARM.Collect$$$$00000001                 0x080000c0   Section        4  entry2.o(.ARM.Collect$$$$00000001)
    .ARM.Collect$$$$00000004                 0x080000c4   Section        4  entry5.o(.ARM.Collect$$$$00000004)
    .ARM.Collect$$$$00000008                 0x080000c8   Section        0  entry7b.o(.ARM.Collect$$$$00000008)
    .ARM.Collect$$$$0000000A                 0x080000c8   Section        0  entry8b.o(.ARM.Collect$$$$0000000A)
    .ARM.Collect$$$$0000000B                 0x080000c8   Section        8  entry9a.o(.ARM.Collect$$$$0000000B)
    .ARM.Collect$$$$0000000D                 0x080000d0   Section        0  entry10a.o(.ARM.Collect$$$$0000000D)
    .ARM.Collect$$$$0000000F                 0x080000d0   Section        0  entry11a.o(.ARM.Collect$$$$0000000F)
    .ARM.Collect$$$$00002712                 0x080000d0   Section        4  entry2.o(.ARM.Collect$$$$00002712)
    __lit__00000000                          0x080000d0   Data           4  entry2.o(.ARM.Collect$$$$00002712)
    .text                                    0x080000d4   Section       28  startup_py32f002xx.o(.text)
    .text                                    0x080000f0   Section        0  uidiv.o(.text)
    .text                                    0x0800011c   Section        0  memseta.o(.text)
    .text                                    0x08000140   Section       36  init.o(.text)
    .text                                    0x08000164   Section        0  __dczerorl2.o(.text)
    i.Bsp_IIC_Init                           0x080001bc   Section        0  bsp_iic_oled.o(i.Bsp_IIC_Init)
    i.Bsp_Led_Init                           0x080001f8   Section        0  bsp_gpio_led.o(i.Bsp_Led_Init)
    i.DelayTime                              0x080002b0   Section        0  system_py32f002b.o(i.DelayTime)
    DelayTime                                0x080002b1   Thumb Code    24  system_py32f002b.o(i.DelayTime)
    i.HAL_Delay                              0x080002cc   Section        0  py32f002b_hal.o(i.HAL_Delay)
    i.HAL_GPIO_Init                          0x080002f8   Section        0  py32f002b_hal_gpio.o(i.HAL_GPIO_Init)
    i.HAL_GPIO_WritePin                      0x080004ac   Section        0  py32f002b_hal_gpio.o(i.HAL_GPIO_WritePin)
    i.HAL_GetTick                            0x080004b8   Section        0  py32f002b_hal.o(i.HAL_GetTick)
    i.HAL_I2C_Init                           0x080004c4   Section        0  py32f002b_hal_i2c.o(i.HAL_I2C_Init)
    i.HAL_I2C_Mem_Write                      0x08000678   Section        0  py32f002b_hal_i2c.o(i.HAL_I2C_Mem_Write)
    i.HAL_I2C_MspInit                        0x080007ec   Section        0  py32f002b_hal_msp.o(i.HAL_I2C_MspInit)
    i.HAL_IncTick                            0x0800087c   Section        0  py32f002b_hal.o(i.HAL_IncTick)
    i.HAL_Init                               0x08000894   Section        0  py32f002b_hal.o(i.HAL_Init)
    i.HAL_InitTick                           0x080008b0   Section        0  py32f002b_hal.o(i.HAL_InitTick)
    i.HAL_MspInit                            0x08000910   Section        0  py32f002b_hal_msp.o(i.HAL_MspInit)
    i.HAL_NVIC_SetPriority                   0x08000954   Section        0  py32f002b_hal_cortex.o(i.HAL_NVIC_SetPriority)
    i.HAL_RCC_GetHCLKFreq                    0x08000968   Section        0  py32f002b_hal_rcc.o(i.HAL_RCC_GetHCLKFreq)
    i.HAL_RCC_GetPCLK1Freq                   0x08000974   Section        0  py32f002b_hal_rcc.o(i.HAL_RCC_GetPCLK1Freq)
    i.HAL_SYSTICK_Config                     0x0800099c   Section        0  py32f002b_hal_cortex.o(i.HAL_SYSTICK_Config)
    i.HardFault_Handler                      0x080009d4   Section        0  py32f002b_it.o(i.HardFault_Handler)
    i.I2C_IsAcknowledgeFailed                0x080009d8   Section        0  py32f002b_hal_i2c.o(i.I2C_IsAcknowledgeFailed)
    I2C_IsAcknowledgeFailed                  0x080009d9   Thumb Code    66  py32f002b_hal_i2c.o(i.I2C_IsAcknowledgeFailed)
    i.I2C_RequestMemoryWrite                 0x08000a1c   Section        0  py32f002b_hal_i2c.o(i.I2C_RequestMemoryWrite)
    I2C_RequestMemoryWrite                   0x08000a1d   Thumb Code   238  py32f002b_hal_i2c.o(i.I2C_RequestMemoryWrite)
    i.I2C_WaitOnBTFFlagUntilTimeout          0x08000b10   Section        0  py32f002b_hal_i2c.o(i.I2C_WaitOnBTFFlagUntilTimeout)
    I2C_WaitOnBTFFlagUntilTimeout            0x08000b11   Thumb Code   100  py32f002b_hal_i2c.o(i.I2C_WaitOnBTFFlagUntilTimeout)
    i.I2C_WaitOnFlagUntilTimeout             0x08000b74   Section        0  py32f002b_hal_i2c.o(i.I2C_WaitOnFlagUntilTimeout)
    I2C_WaitOnFlagUntilTimeout               0x08000b75   Thumb Code   130  py32f002b_hal_i2c.o(i.I2C_WaitOnFlagUntilTimeout)
    i.I2C_WaitOnMasterAddressFlagUntilTimeout 0x08000bf8   Section        0  py32f002b_hal_i2c.o(i.I2C_WaitOnMasterAddressFlagUntilTimeout)
    I2C_WaitOnMasterAddressFlagUntilTimeout  0x08000bf9   Thumb Code   200  py32f002b_hal_i2c.o(i.I2C_WaitOnMasterAddressFlagUntilTimeout)
    i.I2C_WaitOnTXEFlagUntilTimeout          0x08000cc4   Section        0  py32f002b_hal_i2c.o(i.I2C_WaitOnTXEFlagUntilTimeout)
    I2C_WaitOnTXEFlagUntilTimeout            0x08000cc5   Thumb Code   100  py32f002b_hal_i2c.o(i.I2C_WaitOnTXEFlagUntilTimeout)
    i.I2C_WriteByte                          0x08000d28   Section        0  bsp_iic_oled.o(i.I2C_WriteByte)
    i.NMI_Handler                            0x08000d50   Section        0  py32f002b_it.o(i.NMI_Handler)
    i.NVIC_SetPriority                       0x08000d54   Section        0  py32f002b_hal_cortex.o(i.NVIC_SetPriority)
    NVIC_SetPriority                         0x08000d55   Thumb Code   110  py32f002b_hal_cortex.o(i.NVIC_SetPriority)
    i.OLED_CLS                               0x08000dcc   Section        0  bsp_iic_oled.o(i.OLED_CLS)
    i.OLED_Fill                              0x08000dd6   Section        0  bsp_iic_oled.o(i.OLED_Fill)
    i.OLED_Init                              0x08000e10   Section        0  bsp_iic_oled.o(i.OLED_Init)
    i.OLED_OFF                               0x08000ec2   Section        0  bsp_iic_oled.o(i.OLED_OFF)
    i.OLED_ON                                0x08000ed8   Section        0  bsp_iic_oled.o(i.OLED_ON)
    i.OLED_SetPos                            0x08000eee   Section        0  bsp_iic_oled.o(i.OLED_SetPos)
    i.OLED_ShowCN                            0x08000f1c   Section        0  bsp_iic_oled.o(i.OLED_ShowCN)
    i.OLED_ShowStr                           0x08000f6c   Section        0  bsp_iic_oled.o(i.OLED_ShowStr)
    i.PendSV_Handler                         0x08001058   Section        0  py32f002b_it.o(i.PendSV_Handler)
    i.SVC_Handler                            0x0800105a   Section        0  py32f002b_it.o(i.SVC_Handler)
    i.SysTick_Handler                        0x0800105c   Section        0  py32f002b_it.o(i.SysTick_Handler)
    i.SystemInit                             0x08001064   Section        0  system_py32f002b.o(i.SystemInit)
    i.WriteCmd                               0x080010ac   Section        0  bsp_iic_oled.o(i.WriteCmd)
    i.WriteDat                               0x080010ba   Section        0  bsp_iic_oled.o(i.WriteDat)
    i.__scatterload_copy                     0x080010c8   Section       14  handlers.o(i.__scatterload_copy)
    i.__scatterload_null                     0x080010d6   Section        2  handlers.o(i.__scatterload_null)
    i.__scatterload_zeroinit                 0x080010d8   Section       14  handlers.o(i.__scatterload_zeroinit)
    i.main                                   0x080010e8   Section        0  main.o(i.main)
    .constdata                               0x08001194   Section      128  system_py32f002b.o(.constdata)
    .constdata                               0x08001214   Section     2072  bsp_iic_oled.o(.constdata)
    .data                                    0x20000000   Section       12  py32f002b_hal.o(.data)
    .data                                    0x2000000c   Section        4  system_py32f002b.o(.data)
    .data                                    0x20000010   Section     1152  bsp_iic_oled.o(.data)
    .bss                                     0x20000490   Section       64  bsp_iic_oled.o(.bss)
    STACK                                    0x200004d0   Section     1024  startup_py32f002xx.o(STACK)

    Global Symbols

    Symbol Name                              Value     Ov Type        Size  Object(Section)

    BuildAttributes$$THM_ISAv3M$S$PE$A:L22$X:L11$S22$IEEE1$IW$USESV6$~STKCKD$USESV7$~SHL$OSPACE$EBA8$MICROLIB$REQ8$PRES8$EABIv2 0x00000000   Number         0  anon$$obj.o ABSOLUTE
    __ARM_use_no_argv                        0x00000000   Number         0  main.o ABSOLUTE
    __cpp_initialize__aeabi_                  - Undefined Weak Reference
    __cxa_finalize                            - Undefined Weak Reference
    _clock_init                               - Undefined Weak Reference
    _microlib_exit                            - Undefined Weak Reference
    __Vectors_Size                           0x000000c0   Number         0  startup_py32f002xx.o ABSOLUTE
    __Vectors                                0x08000000   Data           4  startup_py32f002xx.o(RESET)
    __Vectors_End                            0x080000c0   Data           0  startup_py32f002xx.o(RESET)
    __main                                   0x080000c1   Thumb Code     0  entry.o(.ARM.Collect$$$$00000000)
    _main_stk                                0x080000c1   Thumb Code     0  entry2.o(.ARM.Collect$$$$00000001)
    _main_scatterload                        0x080000c5   Thumb Code     0  entry5.o(.ARM.Collect$$$$00000004)
    __main_after_scatterload                 0x080000c9   Thumb Code     0  entry5.o(.ARM.Collect$$$$00000004)
    _main_clock                              0x080000c9   Thumb Code     0  entry7b.o(.ARM.Collect$$$$00000008)
    _main_cpp_init                           0x080000c9   Thumb Code     0  entry8b.o(.ARM.Collect$$$$0000000A)
    _main_init                               0x080000c9   Thumb Code     0  entry9a.o(.ARM.Collect$$$$0000000B)
    __rt_final_cpp                           0x080000d1   Thumb Code     0  entry10a.o(.ARM.Collect$$$$0000000D)
    __rt_final_exit                          0x080000d1   Thumb Code     0  entry11a.o(.ARM.Collect$$$$0000000F)
    Reset_Handler                            0x080000d5   Thumb Code     8  startup_py32f002xx.o(.text)
    ADC_COMP_IRQHandler                      0x080000e7   Thumb Code     0  startup_py32f002xx.o(.text)
    EXTI0_1_IRQHandler                       0x080000e7   Thumb Code     0  startup_py32f002xx.o(.text)
    EXTI2_3_IRQHandler                       0x080000e7   Thumb Code     0  startup_py32f002xx.o(.text)
    EXTI4_15_IRQHandler                      0x080000e7   Thumb Code     0  startup_py32f002xx.o(.text)
    FLASH_IRQHandler                         0x080000e7   Thumb Code     0  startup_py32f002xx.o(.text)
    I2C1_IRQHandler                          0x080000e7   Thumb Code     0  startup_py32f002xx.o(.text)
    LPTIM1_IRQHandler                        0x080000e7   Thumb Code     0  startup_py32f002xx.o(.text)
    RCC_IRQHandler                           0x080000e7   Thumb Code     0  startup_py32f002xx.o(.text)
    SPI1_IRQHandler                          0x080000e7   Thumb Code     0  startup_py32f002xx.o(.text)
    TIM14_IRQHandler                         0x080000e7   Thumb Code     0  startup_py32f002xx.o(.text)
    TIM1_BRK_UP_TRG_COM_IRQHandler           0x080000e7   Thumb Code     0  startup_py32f002xx.o(.text)
    TIM1_CC_IRQHandler                       0x080000e7   Thumb Code     0  startup_py32f002xx.o(.text)
    USART1_IRQHandler                        0x080000e7   Thumb Code     0  startup_py32f002xx.o(.text)
    __aeabi_uidiv                            0x080000f1   Thumb Code     0  uidiv.o(.text)
    __aeabi_uidivmod                         0x080000f1   Thumb Code    44  uidiv.o(.text)
    __aeabi_memset                           0x0800011d   Thumb Code    14  memseta.o(.text)
    __aeabi_memset4                          0x0800011d   Thumb Code     0  memseta.o(.text)
    __aeabi_memset8                          0x0800011d   Thumb Code     0  memseta.o(.text)
    __aeabi_memclr                           0x0800012b   Thumb Code     4  memseta.o(.text)
    __aeabi_memclr4                          0x0800012b   Thumb Code     0  memseta.o(.text)
    __aeabi_memclr8                          0x0800012b   Thumb Code     0  memseta.o(.text)
    _memset$wrapper                          0x0800012f   Thumb Code    18  memseta.o(.text)
    __scatterload                            0x08000141   Thumb Code    28  init.o(.text)
    __scatterload_rt2                        0x08000141   Thumb Code     0  init.o(.text)
    __decompress                             0x08000165   Thumb Code     0  __dczerorl2.o(.text)
    __decompress1                            0x08000165   Thumb Code    86  __dczerorl2.o(.text)
    Bsp_IIC_Init                             0x080001bd   Thumb Code    46  bsp_iic_oled.o(i.Bsp_IIC_Init)
    Bsp_Led_Init                             0x080001f9   Thumb Code   178  bsp_gpio_led.o(i.Bsp_Led_Init)
    HAL_Delay                                0x080002cd   Thumb Code    38  py32f002b_hal.o(i.HAL_Delay)
    HAL_GPIO_Init                            0x080002f9   Thumb Code   428  py32f002b_hal_gpio.o(i.HAL_GPIO_Init)
    HAL_GPIO_WritePin                        0x080004ad   Thumb Code    12  py32f002b_hal_gpio.o(i.HAL_GPIO_WritePin)
    HAL_GetTick                              0x080004b9   Thumb Code     6  py32f002b_hal.o(i.HAL_GetTick)
    HAL_I2C_Init                             0x080004c5   Thumb Code   414  py32f002b_hal_i2c.o(i.HAL_I2C_Init)
    HAL_I2C_Mem_Write                        0x08000679   Thumb Code   362  py32f002b_hal_i2c.o(i.HAL_I2C_Mem_Write)
    HAL_I2C_MspInit                          0x080007ed   Thumb Code   134  py32f002b_hal_msp.o(i.HAL_I2C_MspInit)
    HAL_IncTick                              0x0800087d   Thumb Code    16  py32f002b_hal.o(i.HAL_IncTick)
    HAL_Init                                 0x08000895   Thumb Code    26  py32f002b_hal.o(i.HAL_Init)
    HAL_InitTick                             0x080008b1   Thumb Code    82  py32f002b_hal.o(i.HAL_InitTick)
    HAL_MspInit                              0x08000911   Thumb Code    64  py32f002b_hal_msp.o(i.HAL_MspInit)
    HAL_NVIC_SetPriority                     0x08000955   Thumb Code    18  py32f002b_hal_cortex.o(i.HAL_NVIC_SetPriority)
    HAL_RCC_GetHCLKFreq                      0x08000969   Thumb Code     6  py32f002b_hal_rcc.o(i.HAL_RCC_GetHCLKFreq)
    HAL_RCC_GetPCLK1Freq                     0x08000975   Thumb Code    32  py32f002b_hal_rcc.o(i.HAL_RCC_GetPCLK1Freq)
    HAL_SYSTICK_Config                       0x0800099d   Thumb Code    46  py32f002b_hal_cortex.o(i.HAL_SYSTICK_Config)
    HardFault_Handler                        0x080009d5   Thumb Code     4  py32f002b_it.o(i.HardFault_Handler)
    I2C_WriteByte                            0x08000d29   Thumb Code    36  bsp_iic_oled.o(i.I2C_WriteByte)
    NMI_Handler                              0x08000d51   Thumb Code     2  py32f002b_it.o(i.NMI_Handler)
    OLED_CLS                                 0x08000dcd   Thumb Code    10  bsp_iic_oled.o(i.OLED_CLS)
    OLED_Fill                                0x08000dd7   Thumb Code    58  bsp_iic_oled.o(i.OLED_Fill)
    OLED_Init                                0x08000e11   Thumb Code   178  bsp_iic_oled.o(i.OLED_Init)
    OLED_OFF                                 0x08000ec3   Thumb Code    22  bsp_iic_oled.o(i.OLED_OFF)
    OLED_ON                                  0x08000ed9   Thumb Code    22  bsp_iic_oled.o(i.OLED_ON)
    OLED_SetPos                              0x08000eef   Thumb Code    46  bsp_iic_oled.o(i.OLED_SetPos)
    OLED_ShowCN                              0x08000f1d   Thumb Code    74  bsp_iic_oled.o(i.OLED_ShowCN)
    OLED_ShowStr                             0x08000f6d   Thumb Code   226  bsp_iic_oled.o(i.OLED_ShowStr)
    PendSV_Handler                           0x08001059   Thumb Code     2  py32f002b_it.o(i.PendSV_Handler)
    SVC_Handler                              0x0800105b   Thumb Code     2  py32f002b_it.o(i.SVC_Handler)
    SysTick_Handler                          0x0800105d   Thumb Code     8  py32f002b_it.o(i.SysTick_Handler)
    SystemInit                               0x08001065   Thumb Code    56  system_py32f002b.o(i.SystemInit)
    WriteCmd                                 0x080010ad   Thumb Code    14  bsp_iic_oled.o(i.WriteCmd)
    WriteDat                                 0x080010bb   Thumb Code    14  bsp_iic_oled.o(i.WriteDat)
    __scatterload_copy                       0x080010c9   Thumb Code    14  handlers.o(i.__scatterload_copy)
    __scatterload_null                       0x080010d7   Thumb Code     2  handlers.o(i.__scatterload_null)
    __scatterload_zeroinit                   0x080010d9   Thumb Code    14  handlers.o(i.__scatterload_zeroinit)
    main                                     0x080010e9   Thumb Code   140  main.o(i.main)
    AHBPrescTable                            0x08001194   Data          64  system_py32f002b.o(.constdata)
    APBPrescTable                            0x080011d4   Data          32  system_py32f002b.o(.constdata)
    HSIFreqTable                             0x080011f4   Data          32  system_py32f002b.o(.constdata)
    F6x8                                     0x08001214   Data         552  bsp_iic_oled.o(.constdata)
    F8X16                                    0x0800143c   Data        1520  bsp_iic_oled.o(.constdata)
    Region$$Table$$Base                      0x08001a2c   Number         0  anon$$obj.o(Region$$Table)
    Region$$Table$$Limit                     0x08001a4c   Number         0  anon$$obj.o(Region$$Table)
    uwTick                                   0x20000000   Data           4  py32f002b_hal.o(.data)
    uwTickPrio                               0x20000004   Data           4  py32f002b_hal.o(.data)
    uwTickFreq                               0x20000008   Data           4  py32f002b_hal.o(.data)
    SystemCoreClock                          0x2000000c   Data           4  system_py32f002b.o(.data)
    F16x16                                   0x20000010   Data         128  bsp_iic_oled.o(.data)
    BMP1                                     0x20000090   Data        1024  bsp_iic_oled.o(.data)
    I2cHandle                                0x20000490   Data          64  bsp_iic_oled.o(.bss)
    __initial_sp                             0x200008d0   Data           0  startup_py32f002xx.o(STACK)



==============================================================================

Memory Map of the image

  Image Entry point : 0x080000c1

  Load Region LR_IROM1 (Base: 0x08000000, Size: 0x00001edc, Max: 0x00006000, ABSOLUTE, COMPRESSED[0x00001bdc])

    Execution Region ER_IROM1 (Exec base: 0x08000000, Load base: 0x08000000, Size: 0x00001a4c, Max: 0x00006000, ABSOLUTE)

    Exec Addr    Load Addr    Size         Type   Attr      Idx    E Section Name        Object

    0x08000000   0x08000000   0x000000c0   Data   RO            3    RESET               startup_py32f002xx.o
    0x080000c0   0x080000c0   0x00000000   Code   RO         3471  * .ARM.Collect$$$$00000000  mc_p.l(entry.o)
    0x080000c0   0x080000c0   0x00000004   Code   RO         3482    .ARM.Collect$$$$00000001  mc_p.l(entry2.o)
    0x080000c4   0x080000c4   0x00000004   Code   RO         3485    .ARM.Collect$$$$00000004  mc_p.l(entry5.o)
    0x080000c8   0x080000c8   0x00000000   Code   RO         3487    .ARM.Collect$$$$00000008  mc_p.l(entry7b.o)
    0x080000c8   0x080000c8   0x00000000   Code   RO         3489    .ARM.Collect$$$$0000000A  mc_p.l(entry8b.o)
    0x080000c8   0x080000c8   0x00000008   Code   RO         3490    .ARM.Collect$$$$0000000B  mc_p.l(entry9a.o)
    0x080000d0   0x080000d0   0x00000000   Code   RO         3492    .ARM.Collect$$$$0000000D  mc_p.l(entry10a.o)
    0x080000d0   0x080000d0   0x00000000   Code   RO         3494    .ARM.Collect$$$$0000000F  mc_p.l(entry11a.o)
    0x080000d0   0x080000d0   0x00000004   Code   RO         3483    .ARM.Collect$$$$00002712  mc_p.l(entry2.o)
    0x080000d4   0x080000d4   0x0000001c   Code   RO            4    .text               startup_py32f002xx.o
    0x080000f0   0x080000f0   0x0000002c   Code   RO         3474    .text               mc_p.l(uidiv.o)
    0x0800011c   0x0800011c   0x00000024   Code   RO         3478    .text               mc_p.l(memseta.o)
    0x08000140   0x08000140   0x00000024   Code   RO         3496    .text               mc_p.l(init.o)
    0x08000164   0x08000164   0x00000056   Code   RO         3506    .text               mc_p.l(__dczerorl2.o)
    0x080001ba   0x080001ba   0x00000002   PAD
    0x080001bc   0x080001bc   0x0000003c   Code   RO         3373    i.Bsp_IIC_Init      bsp_iic_oled.o
    0x080001f8   0x080001f8   0x000000b8   Code   RO         3353    i.Bsp_Led_Init      bsp_gpio_led.o
    0x080002b0   0x080002b0   0x0000001c   Code   RO         3315    i.DelayTime         system_py32f002b.o
    0x080002cc   0x080002cc   0x0000002c   Code   RO           15    i.HAL_Delay         py32f002b_hal.o
    0x080002f8   0x080002f8   0x000001b4   Code   RO          980    i.HAL_GPIO_Init     py32f002b_hal_gpio.o
    0x080004ac   0x080004ac   0x0000000c   Code   RO          984    i.HAL_GPIO_WritePin  py32f002b_hal_gpio.o
    0x080004b8   0x080004b8   0x0000000c   Code   RO           19    i.HAL_GetTick       py32f002b_hal.o
    0x080004c4   0x080004c4   0x000001b4   Code   RO         1050    i.HAL_I2C_Init      py32f002b_hal_i2c.o
    0x08000678   0x08000678   0x00000174   Code   RO         1066    i.HAL_I2C_Mem_Write  py32f002b_hal_i2c.o
    0x080007ec   0x080007ec   0x00000090   Code   RO         3289    i.HAL_I2C_MspInit   py32f002b_hal_msp.o
    0x0800087c   0x0800087c   0x00000018   Code   RO           25    i.HAL_IncTick       py32f002b_hal.o
    0x08000894   0x08000894   0x0000001a   Code   RO           26    i.HAL_Init          py32f002b_hal.o
    0x080008ae   0x080008ae   0x00000002   PAD
    0x080008b0   0x080008b0   0x00000060   Code   RO           27    i.HAL_InitTick      py32f002b_hal.o
    0x08000910   0x08000910   0x00000044   Code   RO         3290    i.HAL_MspInit       py32f002b_hal_msp.o
    0x08000954   0x08000954   0x00000012   Code   RO          596    i.HAL_NVIC_SetPriority  py32f002b_hal_cortex.o
    0x08000966   0x08000966   0x00000002   PAD
    0x08000968   0x08000968   0x0000000c   Code   RO         1650    i.HAL_RCC_GetHCLKFreq  py32f002b_hal_rcc.o
    0x08000974   0x08000974   0x00000028   Code   RO         1652    i.HAL_RCC_GetPCLK1Freq  py32f002b_hal_rcc.o
    0x0800099c   0x0800099c   0x00000038   Code   RO          600    i.HAL_SYSTICK_Config  py32f002b_hal_cortex.o
    0x080009d4   0x080009d4   0x00000004   Code   RO         3242    i.HardFault_Handler  py32f002b_it.o
    0x080009d8   0x080009d8   0x00000042   Code   RO         1080    i.I2C_IsAcknowledgeFailed  py32f002b_hal_i2c.o
    0x08000a1a   0x08000a1a   0x00000002   PAD
    0x08000a1c   0x08000a1c   0x000000f4   Code   RO         1091    i.I2C_RequestMemoryWrite  py32f002b_hal_i2c.o
    0x08000b10   0x08000b10   0x00000064   Code   RO         1099    i.I2C_WaitOnBTFFlagUntilTimeout  py32f002b_hal_i2c.o
    0x08000b74   0x08000b74   0x00000082   Code   RO         1100    i.I2C_WaitOnFlagUntilTimeout  py32f002b_hal_i2c.o
    0x08000bf6   0x08000bf6   0x00000002   PAD
    0x08000bf8   0x08000bf8   0x000000cc   Code   RO         1101    i.I2C_WaitOnMasterAddressFlagUntilTimeout  py32f002b_hal_i2c.o
    0x08000cc4   0x08000cc4   0x00000064   Code   RO         1104    i.I2C_WaitOnTXEFlagUntilTimeout  py32f002b_hal_i2c.o
    0x08000d28   0x08000d28   0x00000028   Code   RO         3374    i.I2C_WriteByte     bsp_iic_oled.o
    0x08000d50   0x08000d50   0x00000002   Code   RO         3243    i.NMI_Handler       py32f002b_it.o
    0x08000d52   0x08000d52   0x00000002   PAD
    0x08000d54   0x08000d54   0x00000078   Code   RO          602    i.NVIC_SetPriority  py32f002b_hal_cortex.o
    0x08000dcc   0x08000dcc   0x0000000a   Code   RO         3375    i.OLED_CLS          bsp_iic_oled.o
    0x08000dd6   0x08000dd6   0x0000003a   Code   RO         3377    i.OLED_Fill         bsp_iic_oled.o
    0x08000e10   0x08000e10   0x000000b2   Code   RO         3378    i.OLED_Init         bsp_iic_oled.o
    0x08000ec2   0x08000ec2   0x00000016   Code   RO         3379    i.OLED_OFF          bsp_iic_oled.o
    0x08000ed8   0x08000ed8   0x00000016   Code   RO         3380    i.OLED_ON           bsp_iic_oled.o
    0x08000eee   0x08000eee   0x0000002e   Code   RO         3381    i.OLED_SetPos       bsp_iic_oled.o
    0x08000f1c   0x08000f1c   0x00000050   Code   RO         3382    i.OLED_ShowCN       bsp_iic_oled.o
    0x08000f6c   0x08000f6c   0x000000ec   Code   RO         3383    i.OLED_ShowStr      bsp_iic_oled.o
    0x08001058   0x08001058   0x00000002   Code   RO         3244    i.PendSV_Handler    py32f002b_it.o
    0x0800105a   0x0800105a   0x00000002   Code   RO         3245    i.SVC_Handler       py32f002b_it.o
    0x0800105c   0x0800105c   0x00000008   Code   RO         3246    i.SysTick_Handler   py32f002b_it.o
    0x08001064   0x08001064   0x00000048   Code   RO         3317    i.SystemInit        system_py32f002b.o
    0x080010ac   0x080010ac   0x0000000e   Code   RO         3384    i.WriteCmd          bsp_iic_oled.o
    0x080010ba   0x080010ba   0x0000000e   Code   RO         3385    i.WriteDat          bsp_iic_oled.o
    0x080010c8   0x080010c8   0x0000000e   Code   RO         3500    i.__scatterload_copy  mc_p.l(handlers.o)
    0x080010d6   0x080010d6   0x00000002   Code   RO         3501    i.__scatterload_null  mc_p.l(handlers.o)
    0x080010d8   0x080010d8   0x0000000e   Code   RO         3502    i.__scatterload_zeroinit  mc_p.l(handlers.o)
    0x080010e6   0x080010e6   0x00000002   PAD
    0x080010e8   0x080010e8   0x000000ac   Code   RO         3209    i.main              main.o
    0x08001194   0x08001194   0x00000080   Data   RO         3318    .constdata          system_py32f002b.o
    0x08001214   0x08001214   0x00000818   Data   RO         3387    .constdata          bsp_iic_oled.o
    0x08001a2c   0x08001a2c   0x00000020   Data   RO         3498    Region$$Table       anon$$obj.o


    Execution Region RW_IRAM1 (Exec base: 0x20000000, Load base: 0x08001a4c, Size: 0x000008d0, Max: 0x00000c00, ABSOLUTE, COMPRESSED[0x00000190])

    Exec Addr    Load Addr    Size         Type   Attr      Idx    E Section Name        Object

    0x20000000   COMPRESSED   0x0000000c   Data   RW           42    .data               py32f002b_hal.o
    0x2000000c   COMPRESSED   0x00000004   Data   RW         3319    .data               system_py32f002b.o
    0x20000010   COMPRESSED   0x00000480   Data   RW         3388    .data               bsp_iic_oled.o
    0x20000490        -       0x00000040   Zero   RW         3386    .bss                bsp_iic_oled.o
    0x200004d0        -       0x00000400   Zero   RW            1    STACK               startup_py32f002xx.o


==============================================================================

Image component sizes


      Code (inc. data)   RO Data    RW Data    ZI Data      Debug   Object Name

       184          6          0          0          0        971   bsp_gpio_led.o
       780         34       2072       1152         64       7459   bsp_iic_oled.o
       172         32          0          0          0        551   main.o
       202         34          0         12          0     142861   py32f002b_hal.o
       194         20          0          0          0       8532   py32f002b_hal_cortex.o
       448          8          0          0          0       2216   py32f002b_hal_gpio.o
      1652         42          0          0          0       8335   py32f002b_hal_i2c.o
       212         14          0          0          0       1512   py32f002b_hal_msp.o
        52         14          0          0          0       1081   py32f002b_hal_rcc.o
        18          0          0          0          0       2143   py32f002b_it.o
        28          8        192          0       1024        716   startup_py32f002xx.o
       100         20        128          4          0       1716   system_py32f002b.o

    ----------------------------------------------------------------------
      4052        232       2424       1168       1088     178093   Object Totals
         0          0         32          0          0          0   (incl. Generated)
        10          0          0          0          0          0   (incl. Padding)

    ----------------------------------------------------------------------

      Code (inc. data)   RO Data    RW Data    ZI Data      Debug   Library Member Name

        86          0          0          0          0          0   __dczerorl2.o
         0          0          0          0          0          0   entry.o
         0          0          0          0          0          0   entry10a.o
         0          0          0          0          0          0   entry11a.o
         8          4          0          0          0          0   entry2.o
         4          0          0          0          0          0   entry5.o
         0          0          0          0          0          0   entry7b.o
         0          0          0          0          0          0   entry8b.o
         8          4          0          0          0          0   entry9a.o
        30          0          0          0          0          0   handlers.o
        36          8          0          0          0         68   init.o
        36          0          0          0          0        100   memseta.o
        44          0          0          0          0         72   uidiv.o

    ----------------------------------------------------------------------
       256         16          0          0          0        240   Library Totals
         4          0          0          0          0          0   (incl. Padding)

    ----------------------------------------------------------------------

      Code (inc. data)   RO Data    RW Data    ZI Data      Debug   Library Name

       252         16          0          0          0        240   mc_p.l

    ----------------------------------------------------------------------
       256         16          0          0          0        240   Library Totals

    ----------------------------------------------------------------------

==============================================================================


      Code (inc. data)   RO Data    RW Data    ZI Data      Debug   

      4308        248       2424       1168       1088     176841   Grand Totals
      4308        248       2424        400       1088     176841   ELF Image Totals (compressed)
      4308        248       2424        400          0          0   ROM Totals

==============================================================================

    Total RO  Size (Code + RO Data)                 6732 (   6.57kB)
    Total RW  Size (RW Data + ZI Data)              2256 (   2.20kB)
    Total ROM Size (Code + RO Data + RW Data)       7132 (   6.96kB)

==============================================================================

